Component: ARM Compiler 5.06 update 7 (build 960) Tool: armlink [4d3601]

==============================================================================

Section Cross References

    startup_stm32f103xe.o(STACK) refers (Special) to heapauxi.o(.text) for __use_two_region_memory
    startup_stm32f103xe.o(HEAP) refers (Special) to heapauxi.o(.text) for __use_two_region_memory
    startup_stm32f103xe.o(RESET) refers (Special) to heapauxi.o(.text) for __use_two_region_memory
    startup_stm32f103xe.o(RESET) refers to startup_stm32f103xe.o(STACK) for __initial_sp
    startup_stm32f103xe.o(RESET) refers to startup_stm32f103xe.o(.text) for Reset_Handler
    startup_stm32f103xe.o(RESET) refers to stm32f1xx_it.o(i.NMI_Handler) for NMI_Handler
    startup_stm32f103xe.o(RESET) refers to stm32f1xx_it.o(i.HardFault_Handler) for HardFault_Handler
    startup_stm32f103xe.o(RESET) refers to stm32f1xx_it.o(i.MemManage_Handler) for MemManage_Handler
    startup_stm32f103xe.o(RESET) refers to stm32f1xx_it.o(i.BusFault_Handler) for BusFault_Handler
    startup_stm32f103xe.o(RESET) refers to stm32f1xx_it.o(i.UsageFault_Handler) for UsageFault_Handler
    startup_stm32f103xe.o(RESET) refers to stm32f1xx_it.o(i.SVC_Handler) for SVC_Handler
    startup_stm32f103xe.o(RESET) refers to stm32f1xx_it.o(i.DebugMon_Handler) for DebugMon_Handler
    startup_stm32f103xe.o(RESET) refers to stm32f1xx_it.o(i.PendSV_Handler) for PendSV_Handler
    startup_stm32f103xe.o(RESET) refers to stm32f1xx_it.o(i.SysTick_Handler) for SysTick_Handler
    startup_stm32f103xe.o(RESET) refers to usmart_port.o(i.TIM4_IRQHandler) for TIM4_IRQHandler
    startup_stm32f103xe.o(RESET) refers to usart.o(i.USART1_IRQHandler) for USART1_IRQHandler
    startup_stm32f103xe.o(.text) refers (Special) to heapauxi.o(.text) for __use_two_region_memory
    startup_stm32f103xe.o(.text) refers to system_stm32f1xx.o(i.SystemInit) for SystemInit
    startup_stm32f103xe.o(.text) refers to __main.o(!!!main) for __main
    startup_stm32f103xe.o(.text) refers to startup_stm32f103xe.o(HEAP) for Heap_Mem
    startup_stm32f103xe.o(.text) refers to startup_stm32f103xe.o(STACK) for Stack_Mem
    main.o(i.main) refers to _printf_percent.o(.ARM.Collect$$_printf_percent$$00000000) for _printf_percent
    main.o(i.main) refers to _printf_d.o(.ARM.Collect$$_printf_percent$$00000009) for _printf_d
    main.o(i.main) refers to _printf_dec.o(.text) for _printf_int_dec
    main.o(i.main) refers to _printf_s.o(.ARM.Collect$$_printf_percent$$00000014) for _printf_s
    main.o(i.main) refers to _printf_str.o(.text) for _printf_str
    main.o(i.main) refers to stm32f1xx_hal.o(i.HAL_Init) for HAL_Init
    main.o(i.main) refers to sys.o(i.sys_stm32_clock_init) for sys_stm32_clock_init
    main.o(i.main) refers to delay.o(i.delay_init) for delay_init
    main.o(i.main) refers to usart.o(i.usart_init) for usart_init
    main.o(i.main) refers to led.o(i.led_init) for led_init
    main.o(i.main) refers to lcd.o(i.lcd_init) for lcd_init
    main.o(i.main) refers to key.o(i.key_init) for key_init
    main.o(i.main) refers to malloc.o(i.my_mem_init) for my_mem_init
    main.o(i.main) refers to exfuns.o(i.exfuns_init) for exfuns_init
    main.o(i.main) refers to ff.o(i.f_mount) for f_mount
    main.o(i.main) refers to lcd.o(i.lcd_show_string) for lcd_show_string
    main.o(i.main) refers to delay.o(i.delay_ms) for delay_ms
    main.o(i.main) refers to lcd.o(i.lcd_fill) for lcd_fill
    main.o(i.main) refers to fonts.o(i.fonts_init) for fonts_init
    main.o(i.main) refers to text.o(i.text_show_string) for text_show_string
    main.o(i.main) refers to ff.o(i.f_opendir) for f_opendir
    main.o(i.main) refers to main.o(i.pic_get_tnum) for pic_get_tnum
    main.o(i.main) refers to malloc.o(i.mymalloc) for mymalloc
    main.o(i.main) refers to ff.o(i.f_readdir) for f_readdir
    main.o(i.main) refers to exfuns.o(i.exfuns_file_type) for exfuns_file_type
    main.o(i.main) refers to piclib.o(i.piclib_init) for piclib_init
    main.o(i.main) refers to ff.o(i.dir_sdi) for dir_sdi
    main.o(i.main) refers to strcpy.o(.text) for strcpy
    main.o(i.main) refers to strcat.o(.text) for strcat
    main.o(i.main) refers to lcd.o(i.lcd_clear) for lcd_clear
    main.o(i.main) refers to piclib.o(i.piclib_ai_load_picfile) for piclib_ai_load_picfile
    main.o(i.main) refers to noretval__2printf.o(.text) for __2printf
    main.o(i.main) refers to key.o(i.key_scan) for key_scan
    main.o(i.main) refers to stm32f1xx_hal_gpio.o(i.HAL_GPIO_TogglePin) for HAL_GPIO_TogglePin
    main.o(i.main) refers to stm32f1xx_hal_gpio.o(i.HAL_GPIO_WritePin) for HAL_GPIO_WritePin
    main.o(i.main) refers to malloc.o(i.myfree) for myfree
    main.o(i.main) refers to usmart_config.o(.data) for usmart_dev
    main.o(i.main) refers to exfuns.o(.data) for fs
    main.o(i.main) refers to lcd.o(.bss) for lcddev
    main.o(i.pic_get_tnum) refers to malloc.o(i.mymalloc) for mymalloc
    main.o(i.pic_get_tnum) refers to ff.o(i.f_opendir) for f_opendir
[...]
    __rt_memcpy                              0x08000781   Thumb Code   138  rt_memcpy_v6.o(.text)
    _memcpy_lastbytes                        0x080007e7   Thumb Code     0  rt_memcpy_v6.o(.text)
    __aeabi_memcpy4                          0x0800080b   Thumb Code     0  rt_memcpy_w.o(.text)
    __aeabi_memcpy8                          0x0800080b   Thumb Code     0  rt_memcpy_w.o(.text)
    __rt_memcpy_w                            0x0800080b   Thumb Code   100  rt_memcpy_w.o(.text)
    _memcpy_lastbytes_aligned                0x08000853   Thumb Code     0  rt_memcpy_w.o(.text)
    __aeabi_memset                           0x0800086f   Thumb Code    16  aeabi_memset.o(.text)
    __aeabi_memclr                           0x0800087f   Thumb Code     0  rt_memclr.o(.text)
    __rt_memclr                              0x0800087f   Thumb Code    68  rt_memclr.o(.text)
    _memset                                  0x08000883   Thumb Code     0  rt_memclr.o(.text)
    __aeabi_memclr4                          0x080008c3   Thumb Code     0  rt_memclr_w.o(.text)
    __aeabi_memclr8                          0x080008c3   Thumb Code     0  rt_memclr_w.o(.text)
    __rt_memclr_w                            0x080008c3   Thumb Code    78  rt_memclr_w.o(.text)
    _memset_w                                0x080008c7   Thumb Code     0  rt_memclr_w.o(.text)
    strcmp                                   0x08000911   Thumb Code   128  strcmpv7m.o(.text)
    __use_two_region_memory                  0x08000991   Thumb Code     2  heapauxi.o(.text)
    __rt_heap_escrow$2region                 0x08000993   Thumb Code     2  heapauxi.o(.text)
    __rt_heap_expand$2region                 0x08000995   Thumb Code     2  heapauxi.o(.text)
    __semihosting$guard                      0x08000997   Thumb Code     0  use_no_semi.o(.text)
    __use_no_semihosting_swi                 0x08000997   Thumb Code     2  use_no_semi.o(.text)
    _printf_int_common                       0x08000999   Thumb Code   178  _printf_intcommon.o(.text)
    _printf_cs_common                        0x08000a4b   Thumb Code    20  _printf_char.o(.text)
    _printf_char                             0x08000a5f   Thumb Code    16  _printf_char.o(.text)
    _printf_string                           0x08000a6f   Thumb Code     8  _printf_char.o(.text)
    _printf_char_file                        0x08000a79   Thumb Code    32  _printf_char_file.o(.text)
    _printf_char_common                      0x08000aa7   Thumb Code    32  _printf_char_common.o(.text)
    ferror                                   0x08000acd   Thumb Code     8  ferror.o(.text)
    __user_setup_stackheap                   0x08000ad5   Thumb Code    74  sys_stackheap_outer.o(.text)
    exit                                     0x08000b1f   Thumb Code    18  exit.o(.text)
    __user_libspace                          0x08000b31   Thumb Code     8  libspace.o(.text)
    __user_perproc_libspace                  0x08000b31   Thumb Code     0  libspace.o(.text)
    __user_perthread_libspace                0x08000b31   Thumb Code     0  libspace.o(.text)
    BusFault_Handler                         0x08000b39   Thumb Code     4  stm32f1xx_it.o(i.BusFault_Handler)
    DebugMon_Handler                         0x08000b3d   Thumb Code     2  stm32f1xx_it.o(i.DebugMon_Handler)
    FSMC_NORSRAM_Extended_Timing_Init        0x08000b41   Thumb Code    62  stm32f1xx_ll_fsmc.o(i.FSMC_NORSRAM_Extended_Timing_Init)
    FSMC_NORSRAM_Init                        0x08000b85   Thumb Code   116  stm32f1xx_ll_fsmc.o(i.FSMC_NORSRAM_Init)
    FSMC_NORSRAM_Timing_Init                 0x08000bfd   Thumb Code    66  stm32f1xx_ll_fsmc.o(i.FSMC_NORSRAM_Timing_Init)
    HAL_DMA_Abort_IT                         0x08000c41   Thumb Code   414  stm32f1xx_hal_dma.o(i.HAL_DMA_Abort_IT)
    HAL_Delay                                0x08000de9   Thumb Code    12  delay.o(i.HAL_Delay)
    HAL_GPIO_Init                            0x08000df5   Thumb Code   792  stm32f1xx_hal_gpio.o(i.HAL_GPIO_Init)
    HAL_GPIO_ReadPin                         0x08001135   Thumb Code    16  stm32f1xx_hal_gpio.o(i.HAL_GPIO_ReadPin)
    HAL_GPIO_TogglePin                       0x08001145   Thumb Code    20  stm32f1xx_hal_gpio.o(i.HAL_GPIO_TogglePin)
    HAL_GPIO_WritePin                        0x08001159   Thumb Code    12  stm32f1xx_hal_gpio.o(i.HAL_GPIO_WritePin)
    HAL_GetTick                              0x08001165   Thumb Code     6  stm32f1xx_hal.o(i.HAL_GetTick)
    HAL_IncTick                              0x08001171   Thumb Code    16  stm32f1xx_hal.o(i.HAL_IncTick)
    HAL_Init                                 0x08001189   Thumb Code    34  stm32f1xx_hal.o(i.HAL_Init)
    HAL_InitTick                             0x080011b1   Thumb Code    64  stm32f1xx_hal.o(i.HAL_InitTick)
    HAL_MspInit                              0x080011fd   Thumb Code     2  stm32f1xx_hal.o(i.HAL_MspInit)
    HAL_NVIC_EnableIRQ                       0x080011ff   Thumb Code    32  stm32f1xx_hal_cortex.o(i.HAL_NVIC_EnableIRQ)
    HAL_NVIC_SetPriority                     0x0800121f   Thumb Code   124  stm32f1xx_hal_cortex.o(i.HAL_NVIC_SetPriority)
    HAL_NVIC_SetPriorityGrouping             0x0800129d   Thumb Code    32  stm32f1xx_hal_cortex.o(i.HAL_NVIC_SetPriorityGrouping)
    HAL_RCC_ClockConfig                      0x080012c5   Thumb Code   376  stm32f1xx_hal_rcc.o(i.HAL_RCC_ClockConfig)
    HAL_RCC_GetHCLKFreq                      0x08001451   Thumb Code     6  stm32f1xx_hal_rcc.o(i.HAL_RCC_GetHCLKFreq)
    HAL_RCC_GetPCLK1Freq                     0x0800145d   Thumb Code    22  stm32f1xx_hal_rcc.o(i.HAL_RCC_GetPCLK1Freq)
    HAL_RCC_GetPCLK2Freq                     0x0800147d   Thumb Code    22  stm32f1xx_hal_rcc.o(i.HAL_RCC_GetPCLK2Freq)
    HAL_RCC_GetSysClockFreq                  0x0800149d   Thumb Code   116  stm32f1xx_hal_rcc.o(i.HAL_RCC_GetSysClockFreq)
    HAL_RCC_OscConfig                        0x08001531   Thumb Code  1114  stm32f1xx_hal_rcc.o(i.HAL_RCC_OscConfig)
    HAL_SD_GetCardCSD                        0x08001995   Thumb Code   450  stm32f1xx_hal_sd.o(i.HAL_SD_GetCardCSD)
    HAL_SD_GetCardState                      0x08001b5d   Thumb Code    36  stm32f1xx_hal_sd.o(i.HAL_SD_GetCardState)
    HAL_SD_Init                              0x08001b81   Thumb Code    60  stm32f1xx_hal_sd.o(i.HAL_SD_Init)
    HAL_SD_InitCard                          0x08001bbd   Thumb Code   128  stm32f1xx_hal_sd.o(i.HAL_SD_InitCard)
    HAL_SD_MspInit                           0x08001c41   Thumb Code   310  sdio_sdcard.o(i.HAL_SD_MspInit)
    HAL_SD_ReadBlocks                        0x08001d85   Thumb Code   700  stm32f1xx_hal_sd.o(i.HAL_SD_ReadBlocks)
    HAL_SD_WriteBlocks                       0x08002045   Thumb Code   590  stm32f1xx_hal_sd.o(i.HAL_SD_WriteBlocks)
    HAL_SPI_Init                             0x08002299   Thumb Code   212  stm32f1xx_hal_spi.o(i.HAL_SPI_Init)
    HAL_SPI_MspInit                          0x0800236d   Thumb Code   164  spi.o(i.HAL_SPI_MspInit)
    HAL_SPI_TransmitReceive                  0x0800241d   Thumb Code   750  stm32f1xx_hal_spi.o(i.HAL_SPI_TransmitReceive)
    HAL_SRAM_Init                            0x0800270b   Thumb Code   102  stm32f1xx_hal_sram.o(i.HAL_SRAM_Init)
    HAL_SRAM_MspInit                         0x08002771   Thumb Code   130  lcd.o(i.HAL_SRAM_MspInit)
    HAL_SYSTICK_Config                       0x08002801   Thumb Code    52  stm32f1xx_hal_cortex.o(i.HAL_SYSTICK_Config)
    HAL_TIM_Base_Init                        0x08002835   Thumb Code   102  stm32f1xx_hal_tim.o(i.HAL_TIM_Base_Init)
    HAL_TIM_Base_MspInit                     0x0800289b   Thumb Code     2  stm32f1xx_hal_tim.o(i.HAL_TIM_Base_MspInit)
    HAL_TIM_Base_Start_IT                    0x0800289d   Thumb Code   122  stm32f1xx_hal_tim.o(i.HAL_TIM_Base_Start_IT)
    HAL_UART_ErrorCallback                   0x0800292d   Thumb Code     2  stm32f1xx_hal_uart.o(i.HAL_UART_ErrorCallback)
    HAL_UART_IRQHandler                      0x08002931   Thumb Code   334  stm32f1xx_hal_uart.o(i.HAL_UART_IRQHandler)
    HAL_UART_Init                            0x08002a85   Thumb Code   114  stm32f1xx_hal_uart.o(i.HAL_UART_Init)
    HAL_UART_MspInit                         0x08002af9   Thumb Code   168  usart.o(i.HAL_UART_MspInit)
    HAL_UART_Receive_IT                      0x08002bad   Thumb Code   112  stm32f1xx_hal_uart.o(i.HAL_UART_Receive_IT)
    HAL_UART_RxCpltCallback                  0x08002c1d   Thumb Code   134  usart.o(i.HAL_UART_RxCpltCallback)
    HAL_UART_TxCpltCallback                  0x08002cb9   Thumb Code     2  stm32f1xx_hal_uart.o(i.HAL_UART_TxCpltCallback)
    HardFault_Handler                        0x08002cbb   Thumb Code     4  stm32f1xx_it.o(i.HardFault_Handler)
    MemManage_Handler                        0x08002cbf   Thumb Code     4  stm32f1xx_it.o(i.MemManage_Handler)
    NMI_Handler                              0x08002cc3   Thumb Code     2  stm32f1xx_it.o(i.NMI_Handler)
    PendSV_Handler                           0x08002cc5   Thumb Code     2  stm32f1xx_it.o(i.PendSV_Handler)
    SDIO_ConfigData                          0x08002cf1   Thumb Code    44  stm32f1xx_ll_sdmmc.o(i.SDIO_ConfigData)
    SDIO_GetCommandResponse                  0x08002d1d   Thumb Code     8  stm32f1xx_ll_sdmmc.o(i.SDIO_GetCommandResponse)
    SDIO_GetPowerState                       0x08002d25   Thumb Code    10  stm32f1xx_ll_sdmmc.o(i.SDIO_GetPowerState)
    SDIO_GetResponse                         0x08002d2f   Thumb Code    12  stm32f1xx_ll_sdmmc.o(i.SDIO_GetResponse)
    SDIO_Init                                0x08002d3b   Thumb Code    52  stm32f1xx_ll_sdmmc.o(i.SDIO_Init)
    SDIO_PowerState_ON                       0x08002d6f   Thumb Code    18  stm32f1xx_ll_sdmmc.o(i.SDIO_PowerState_ON)
    SDIO_ReadFIFO                            0x08002d81   Thumb Code     8  stm32f1xx_ll_sdmmc.o(i.SDIO_ReadFIFO)
    SDIO_SendCommand                         0x08002d89   Thumb Code    40  stm32f1xx_ll_sdmmc.o(i.SDIO_SendCommand)
    SDIO_WriteFIFO                           0x08002db1   Thumb Code    12  stm32f1xx_ll_sdmmc.o(i.SDIO_WriteFIFO)
    SDMMC_CmdAppCommand                      0x08002dbd   Thumb Code    56  stm32f1xx_ll_sdmmc.o(i.SDMMC_CmdAppCommand)
    SDMMC_CmdAppOperCommand                  0x08002df5   Thumb Code    54  stm32f1xx_ll_sdmmc.o(i.SDMMC_CmdAppOperCommand)
    SDMMC_CmdBlockLength                     0x08002e31   Thumb Code    56  stm32f1xx_ll_sdmmc.o(i.SDMMC_CmdBlockLength)
    SDMMC_CmdGoIdleState                     0x08002e69   Thumb Code    44  stm32f1xx_ll_sdmmc.o(i.SDMMC_CmdGoIdleState)
    SDMMC_CmdOperCond                        0x08002e95   Thumb Code    52  stm32f1xx_ll_sdmmc.o(i.SDMMC_CmdOperCond)
    SDMMC_CmdReadMultiBlock                  0x08002ec9   Thumb Code    56  stm32f1xx_ll_sdmmc.o(i.SDMMC_CmdReadMultiBlock)
    SDMMC_CmdReadSingleBlock                 0x08002f01   Thumb Code    56  stm32f1xx_ll_sdmmc.o(i.SDMMC_CmdReadSingleBlock)
    SDMMC_CmdSelDesel                        0x08002f39   Thumb Code    58  stm32f1xx_ll_sdmmc.o(i.SDMMC_CmdSelDesel)
    SDMMC_CmdSendCID                         0x08002f73   Thumb Code    50  stm32f1xx_ll_sdmmc.o(i.SDMMC_CmdSendCID)
    SDMMC_CmdSendCSD                         0x08002fa5   Thumb Code    50  stm32f1xx_ll_sdmmc.o(i.SDMMC_CmdSendCSD)
    SDMMC_CmdSendStatus                      0x08002fd7   Thumb Code    56  stm32f1xx_ll_sdmmc.o(i.SDMMC_CmdSendStatus)
    SDMMC_CmdSetRelAdd                       0x0800300f   Thumb Code    56  stm32f1xx_ll_sdmmc.o(i.SDMMC_CmdSetRelAdd)
    SDMMC_CmdStopTransfer                    0x08003049   Thumb Code    54  stm32f1xx_ll_sdmmc.o(i.SDMMC_CmdStopTransfer)
    SDMMC_CmdWriteMultiBlock                 0x08003085   Thumb Code    56  stm32f1xx_ll_sdmmc.o(i.SDMMC_CmdWriteMultiBlock)
    SDMMC_CmdWriteSingleBlock                0x080030bd   Thumb Code    56  stm32f1xx_ll_sdmmc.o(i.SDMMC_CmdWriteSingleBlock)
    SPI_ISCRCErrorValid                      0x080036e9   Thumb Code     6  stm32f1xx_hal_spi.o(i.SPI_ISCRCErrorValid)
    SVC_Handler                              0x080037c9   Thumb Code     2  stm32f1xx_it.o(i.SVC_Handler)
    SysTick_Handler                          0x080037cb   Thumb Code     8  stm32f1xx_it.o(i.SysTick_Handler)
    SystemInit                               0x080037d3   Thumb Code     2  system_stm32f1xx.o(i.SystemInit)
    TIM4_IRQHandler                          0x080037d5   Thumb Code    58  usmart_port.o(i.TIM4_IRQHandler)
    TIM_Base_SetConfig                       0x08003819   Thumb Code   134  stm32f1xx_hal_tim.o(i.TIM_Base_SetConfig)
    USART1_IRQHandler                        0x08003b05   Thumb Code    10  usart.o(i.USART1_IRQHandler)
    UsageFault_Handler                       0x08003b15   Thumb Code     4  stm32f1xx_it.o(i.UsageFault_Handler)
    _is_digit                                0x08003b51   Thumb Code    14  __printf_wp.o(i._is_digit)
    _sys_exit                                0x08003b5f   Thumb Code     4  usart.o(i._sys_exit)
    bmp_encode                               0x08003ed5   Thumb Code   488  bmp.o(i.bmp_encode)
    delay_init                               0x08004b61   Thumb Code     6  delay.o(i.delay_init)
    delay_ms                                 0x08004b6d   Thumb Code    18  delay.o(i.delay_ms)
    delay_us                                 0x08004b81   Thumb Code    68  delay.o(i.delay_us)
    dir_sdi                                  0x080052bb   Thumb Code   170  ff.o(i.dir_sdi)
    disk_initialize                          0x08005365   Thumb Code    44  diskio.o(i.disk_initialize)
    disk_ioctl                               0x08005391   Thumb Code   176  diskio.o(i.disk_ioctl)
    disk_read                                0x08005445   Thumb Code   126  diskio.o(i.disk_read)
    disk_status                              0x080054c3   Thumb Code     6  diskio.o(i.disk_status)
    disk_write                               0x080054c9   Thumb Code   126  diskio.o(i.disk_write)
    exfuns_char_upper                        0x08005547   Thumb Code    26  exfuns.o(i.exfuns_char_upper)
    exfuns_file_type                         0x08005561   Thumb Code   186  exfuns.o(i.exfuns_file_type)
    exfuns_init                              0x08005621   Thumb Code    64  exfuns.o(i.exfuns_init)
    f_close                                  0x08005665   Thumb Code    38  ff.o(i.f_close)
    f_lseek                                  0x0800568b   Thumb Code  1110  ff.o(i.f_lseek)
    f_mount                                  0x08005ae1   Thumb Code    80  ff.o(i.f_mount)
    f_open                                   0x08005b35   Thumb Code   786  ff.o(i.f_open)
    f_opendir                                0x08005e47   Thumb Code   184  ff.o(i.f_opendir)
    f_read                                   0x08005eff   Thumb Code   552  ff.o(i.f_read)
    f_readdir                                0x08006127   Thumb Code   112  ff.o(i.f_readdir)
    f_sync                                   0x08006197   Thumb Code   424  ff.o(i.f_sync)
    f_write                                  0x0800633f   Thumb Code   644  ff.o(i.f_write)
    ff_memalloc                              0x080065c3   Thumb Code    14  ffsystem.o(i.ff_memalloc)
    ff_memfree                               0x080065d1   Thumb Code    14  ffsystem.o(i.ff_memfree)
    ff_oem2uni                               0x080065e1   Thumb Code   130  myffunicode.o(i.ff_oem2uni)
    ff_uni2oem                               0x08006669   Thumb Code   126  myffunicode.o(i.ff_uni2oem)
    ff_wtoupper                              0x080066ed   Thumb Code   166  myffunicode.o(i.ff_wtoupper)
    fonts_init                               0x080069f9   Thumb Code    60  fonts.o(i.fonts_init)
    fputc                                    0x08006a39   Thumb Code    24  usart.o(i.fputc)
    get_fattime                              0x08006cbd   Thumb Code     4  ffsystem.o(i.get_fattime)
    get_sd_card_state                        0x08006f89   Thumb Code    20  sdio_sdcard.o(i.get_sd_card_state)
    gif_decode                               0x080071ed   Thumb Code   296  gif.o(i.gif_decode)
    gif_getinfo                              0x080076f1   Thumb Code    70  gif.o(i.gif_getinfo)
    jd_decomp                                0x08007fff   Thumb Code   162  tjpgd.o(i.jd_decomp)
    jd_prepare                               0x080080a1   Thumb Code   862  tjpgd.o(i.jd_prepare)
    jpg_decode                               0x080085d1   Thumb Code   232  tjpgd.o(i.jpg_decode)
    key_init                                 0x080086d5   Thumb Code   172  key.o(i.key_init)
    key_scan                                 0x0800878d   Thumb Code   148  key.o(i.key_scan)
    lcd_clear                                0x0800882d   Thumb Code    42  lcd.o(i.lcd_clear)
    lcd_color_fill                           0x08008861   Thumb Code    92  lcd.o(i.lcd_color_fill)
    lcd_display_dir                          0x080088c1   Thumb Code   360  lcd.o(i.lcd_display_dir)
    lcd_draw_hline                           0x08008a2d   Thumb Code    52  lcd.o(i.lcd_draw_hline)
    lcd_draw_point                           0x08008a65   Thumb Code    26  lcd.o(i.lcd_draw_point)
    lcd_ex_ili9341_reginit                   0x08008a85   Thumb Code   556  lcd.o(i.lcd_ex_ili9341_reginit)
    lcd_ex_ili9806_reginit                   0x08008cb1   Thumb Code   832  lcd.o(i.lcd_ex_ili9806_reginit)
    lcd_ex_nt35310_reginit                   0x08008ff1   Thumb Code  3826  lcd.o(i.lcd_ex_nt35310_reginit)
    lcd_ex_nt35510_reginit                   0x08009ee3   Thumb Code  3836  lcd.o(i.lcd_ex_nt35510_reginit)
    lcd_ex_ssd1963_reginit                   0x0800addf   Thumb Code   366  lcd.o(i.lcd_ex_ssd1963_reginit)
    lcd_ex_st7789_reginit                    0x0800af4d   Thumb Code   424  lcd.o(i.lcd_ex_st7789_reginit)
    lcd_ex_st7796_reginit                    0x0800b0f5   Thumb Code   454  lcd.o(i.lcd_ex_st7796_reginit)
    lcd_fill                                 0x0800b2bd   Thumb Code    80  lcd.o(i.lcd_fill)
    lcd_init                                 0x0800b311   Thumb Code  1120  lcd.o(i.lcd_init)
    lcd_read_point                           0x0800b79d   Thumb Code   148  lcd.o(i.lcd_read_point)
    lcd_scan_dir                             0x0800b835   Thumb Code   568  lcd.o(i.lcd_scan_dir)
    lcd_set_cursor                           0x0800ba71   Thumb Code   282  lcd.o(i.lcd_set_cursor)
    lcd_show_char                            0x0800bb91   Thumb Code   294  lcd.o(i.lcd_show_char)
    lcd_show_string                          0x0800bcd1   Thumb Code   106  lcd.o(i.lcd_show_string)
    lcd_ssd_backlight_set                    0x0800bd3d   Thumb Code    80  lcd.o(i.lcd_ssd_backlight_set)
    lcd_wr_data                              0x0800bd91   Thumb Code    18  lcd.o(i.lcd_wr_data)
    lcd_wr_regno                             0x0800bda9   Thumb Code    18  lcd.o(i.lcd_wr_regno)
    lcd_write_ram_prepare                    0x0800bdc1   Thumb Code    10  lcd.o(i.lcd_write_ram_prepare)
    lcd_write_reg                            0x0800bdd5   Thumb Code    10  lcd.o(i.lcd_write_reg)
    led_init                                 0x0800be91   Thumb Code   132  led.o(i.led_init)
    main                                     0x0800c071   Thumb Code  1304  main.o(i.main)
    mf_free                                  0x0800caf1   Thumb Code    26  fattester.o(i.mf_free)
    mf_init                                  0x0800cb11   Thumb Code    58  fattester.o(i.mf_init)
    my_mem_init                              0x0800d065   Thumb Code    38  malloc.o(i.my_mem_init)
    my_mem_perused                           0x0800d13d   Thumb Code    56  malloc.o(i.my_mem_perused)
    my_mem_set                               0x0800d17d   Thumb Code    20  malloc.o(i.my_mem_set)
    myfree                                   0x0800d191   Thumb Code    30  malloc.o(i.myfree)
    mymalloc                                 0x0800d1b5   Thumb Code    34  malloc.o(i.mymalloc)
    norflash_erase_sector                    0x0800d1dd   Thumb Code    62  norflash.o(i.norflash_erase_sector)
    norflash_init                            0x0800d221   Thumb Code   172  norflash.o(i.norflash_init)
    norflash_read                            0x0800d2d9   Thumb Code    76  norflash.o(i.norflash_read)
    norflash_read_id                         0x0800d329   Thumb Code    76  norflash.o(i.norflash_read_id)
    norflash_read_sr                         0x0800d379   Thumb Code    88  norflash.o(i.norflash_read_sr)
    norflash_write                           0x0800d41d   Thumb Code   180  norflash.o(i.norflash_write)
    norflash_write_enable                    0x0800d4d5   Thumb Code    40  norflash.o(i.norflash_write_enable)
    norflash_write_sr                        0x0800d5a1   Thumb Code    84  norflash.o(i.norflash_write_sr)
    pic_get_tnum                             0x0800d5f9   Thumb Code    94  main.o(i.pic_get_tnum)
    piclib_ai_draw_init                      0x0800d6e5   Thumb Code   264  piclib.o(i.piclib_ai_draw_init)
    piclib_ai_load_picfile                   0x0800d7f1   Thumb Code   194  piclib.o(i.piclib_ai_load_picfile)
    piclib_init                              0x0800d8ed   Thumb Code    58  piclib.o(i.piclib_init)
    piclib_is_element_ok                     0x0800d949   Thumb Code    36  piclib.o(i.piclib_is_element_ok)
    piclib_mem_free                          0x0800d971   Thumb Code    14  piclib.o(i.piclib_mem_free)
    piclib_mem_malloc                        0x0800d97f   Thumb Code    14  piclib.o(i.piclib_mem_malloc)
    read_addr                                0x0800db93   Thumb Code     6  usmart.o(i.read_addr)
    sd_init                                  0x0800dd6d   Thumb Code    48  sdio_sdcard.o(i.sd_init)
    sd_read_disk                             0x0800dda5   Thumb Code    72  sdio_sdcard.o(i.sd_read_disk)
    sd_write_disk                            0x0800ddf5   Thumb Code    72  sdio_sdcard.o(i.sd_write_disk)
    spi2_init                                0x0800de45   Thumb Code   110  spi.o(i.spi2_init)
    spi2_read_write_byte                     0x0800dec1   Thumb Code    28  spi.o(i.spi2_read_write_byte)
    spi2_set_speed                           0x0800dee1   Thumb Code    68  spi.o(i.spi2_set_speed)
    stdbmp_decode                            0x0800dfcd   Thumb Code   724  bmp.o(i.stdbmp_decode)
    sys_stm32_clock_init                     0x0800e413   Thumb Code   102  sys.o(i.sys_stm32_clock_init)
    text_show_font                           0x0800e5a5   Thumb Code   218  text.o(i.text_show_font)
    text_show_string                         0x0800e685   Thumb Code   198  text.o(i.text_show_string)
    usart_init                               0x0800e74d   Thumb Code    44  usart.o(i.usart_init)
    usmart_cmd_rec                           0x0800e785   Thumb Code   170  usmart.o(i.usmart_cmd_rec)
    usmart_exe                               0x0800e835   Thumb Code   632  usmart.o(i.usmart_exe)
    usmart_get_aparm                         0x0800eb09   Thumb Code   212  usmart_str.o(i.usmart_get_aparm)
    usmart_get_cmdname                       0x0800ebdd   Thumb Code    54  usmart_str.o(i.usmart_get_cmdname)
    usmart_get_fname                         0x0800ec15   Thumb Code   440  usmart_str.o(i.usmart_get_fname)
    usmart_get_fparam                        0x0800edd5   Thumb Code   262  usmart_str.o(i.usmart_get_fparam)
    usmart_get_input_string                  0x0800eee1   Thumb Code    30  usmart_port.o(i.usmart_get_input_string)
    usmart_get_parmpos                       0x0800ef09   Thumb Code    26  usmart_str.o(i.usmart_get_parmpos)
    usmart_init                              0x0800ef29   Thumb Code    36  usmart.o(i.usmart_init)
    usmart_pow                               0x0800ef51   Thumb Code    22  usmart_str.o(i.usmart_pow)
    usmart_scan                              0x0800ef69   Thumb Code   106  usmart.o(i.usmart_scan)
    usmart_search_nextc                      0x0800f011   Thumb Code    22  usmart_str.o(i.usmart_search_nextc)
    usmart_str2num                           0x0800f027   Thumb Code   262  usmart_str.o(i.usmart_str2num)
    usmart_strcmp                            0x0800f12d   Thumb Code    34  usmart_str.o(i.usmart_strcmp)
    usmart_strcopy                           0x0800f14f   Thumb Code    22  usmart_str.o(i.usmart_strcopy)
    usmart_strlen                            0x0800f165   Thumb Code    24  usmart_str.o(i.usmart_strlen)
    usmart_sys_cmd_exe                       0x0800f17d   Thumb Code  1570  usmart.o(i.usmart_sys_cmd_exe)
    usmart_timx_get_time                     0x0800f871   Thumb Code    58  usmart_port.o(i.usmart_timx_get_time)
    usmart_timx_init                         0x0800f8b5   Thumb Code    84  usmart_port.o(i.usmart_timx_init)
    usmart_timx_reset_time                   0x0800f915   Thumb Code    44  usmart_port.o(i.usmart_timx_reset_time)
    write_addr                               0x0800f985   Thumb Code     4  usmart.o(i.write_addr)
    __aeabi_d2uiz                            0x0800fa11   Thumb Code     0  dfixu.o(x$fpl$dfixu)
    _dfixu                                   0x0800fa11   Thumb Code    90  dfixu.o(x$fpl$dfixu)
    __aeabi_ui2d                             0x0800fa6b   Thumb Code     0  dflt_clz.o(x$fpl$dfltu)
    _dfltu                                   0x0800fa6b   Thumb Code    38  dflt_clz.o(x$fpl$dfltu)
    __aeabi_dmul                             0x0800fa91   Thumb Code     0  dmul.o(x$fpl$dmul)
    _dmul                                    0x0800fa91   Thumb Code   332  dmul.o(x$fpl$dmul)
    __fpl_dnaninf                            0x0800fbe5   Thumb Code   156  dnaninf.o(x$fpl$dnaninf)
    __fpl_dretinf                            0x0800fc81   Thumb Code    12  dretinf.o(x$fpl$dretinf)
    __aeabi_fadd                             0x0800fc8d   Thumb Code     0  faddsub_clz.o(x$fpl$fadd)
    _fadd                                    0x0800fc8d   Thumb Code   196  faddsub_clz.o(x$fpl$fadd)
    __fpl_fcmp_Inf                           0x0800fd51   Thumb Code    24  fcmpi.o(x$fpl$fcmpinf)
    __aeabi_fdiv                             0x0800fd69   Thumb Code     0  fdiv.o(x$fpl$fdiv)
    _fdiv                                    0x0800fd69   Thumb Code   384  fdiv.o(x$fpl$fdiv)
    __aeabi_f2uiz                            0x0800feed   Thumb Code     0  ffixu.o(x$fpl$ffixu)
    _ffixu                                   0x0800feed   Thumb Code    62  ffixu.o(x$fpl$ffixu)
    __aeabi_ui2f                             0x0800ff2d   Thumb Code     0  fflt_clz.o(x$fpl$ffltu)
    _ffltu                                   0x0800ff2d   Thumb Code    38  fflt_clz.o(x$fpl$ffltu)
    __aeabi_cfcmple                          0x0800ff55   Thumb Code     0  fleqf.o(x$fpl$fleqf)
    _fcmple                                  0x0800ff55   Thumb Code   104  fleqf.o(x$fpl$fleqf)
    __fpl_fcmple_InfNaN                      0x0800ffa7   Thumb Code     0  fleqf.o(x$fpl$fleqf)
    __aeabi_fmul                             0x0800ffbd   Thumb Code     0  fmul.o(x$fpl$fmul)
    _fmul                                    0x0800ffbd   Thumb Code   258  fmul.o(x$fpl$fmul)
    __fpl_fnaninf                            0x080100bf   Thumb Code   140  fnaninf.o(x$fpl$fnaninf)
    __fpl_fretinf                            0x0801014b   Thumb Code    10  fretinf.o(x$fpl$fretinf)
    __aeabi_cfrcmple                         0x08010155   Thumb Code     0  frleqf.o(x$fpl$frleqf)
    _frcmple                                 0x08010155   Thumb Code    98  frleqf.o(x$fpl$frleqf)
    __aeabi_fsub                             0x080101b9   Thumb Code     0  faddsub_clz.o(x$fpl$fsub)
    _fsub                                    0x080101b9   Thumb Code   234  faddsub_clz.o(x$fpl$fsub)
    AHBPrescTable                            0x080102a2   Data          16  system_stm32f1xx.o(.constdata)
    __I$use$fp                               0x080102a2   Number         0  usenofp.o(x$fpl$usenofp)
    APBPrescTable                            0x080102b2   Data           8  system_stm32f1xx.o(.constdata)
    asc2_1206                                0x080102ba   Data        1140  lcd.o(.constdata)
    asc2_1608                                0x0801072e   Data        1520  lcd.o(.constdata)
    asc2_2412                                0x08010d1e   Data        3420  lcd.o(.constdata)
    asc2_3216                                0x08011a7a   Data        6080  lcd.o(.constdata)
    memtblsize                               0x0801323c   Data           8  malloc.o(.constdata)
    memblksize                               0x08013244   Data           8  malloc.o(.constdata)
    memsize                                  0x0801324c   Data           8  malloc.o(.constdata)
    FILE_TYPE_TBL                            0x080132ac   Data         196  exfuns.o(.constdata)
    _aMaskTbl                                0x0801361e   Data          32  gif.o(.constdata)
    _aInterlaceOffset                        0x0801363e   Data           4  gif.o(.constdata)
    _aInterlaceYPos                          0x08013642   Data           4  gif.o(.constdata)
    Region$$Table$$Base                      0x08013d30   Number         0  anon$$obj.o(Region$$Table)
    Region$$Table$$Limit                     0x08013d50   Number         0  anon$$obj.o(Region$$Table)
    SystemCoreClock                          0x20000000   Data           4  system_stm32f1xx.o(.data)
    __stdout                                 0x20000008   Data           4  usart.o(.data)
    g_usart_rx_sta                           0x2000000c   Data           2  usart.o(.data)
    g_rx_buffer                              0x2000000e   Data           1  usart.o(.data)
    uwTick                                   0x20000010   Data           4  stm32f1xx_hal.o(.data)
    uwTickPrio                               0x20000014   Data           4  stm32f1xx_hal.o(.data)
    uwTickFreq                               0x20000018   Data           1  stm32f1xx_hal.o(.data)
    g_point_color                            0x2000001c   Data           4  lcd.o(.data)
    g_back_color                             0x20000020   Data           4  lcd.o(.data)
    g_norflash_type                          0x20000026   Data           2  norflash.o(.data)
    mallco_dev                               0x20000028   Data          28  malloc.o(.data)
    fs                                       0x20000050   Data           8  exfuns.o(.data)
    g_gif_decoding                           0x20000058   Data           1  gif.o(.data)
    f_jpeg                                   0x2000005c   Data           4  tjpgd.o(.data)
    jpeg_dev                                 0x20000060   Data           4  tjpgd.o(.data)
    jpg_buffer                               0x20000064   Data           4  tjpgd.o(.data)
    sys_cmd_tab                              0x20000068   Data          28  usmart.o(.data)
    usmart_nametab                           0x20000084   Data          48  usmart_config.o(.data)
    usmart_dev                               0x200000b4   Data         244  usmart_config.o(.data)
    g_usart_rx_buf                           0x200001a8   Data         200  usart.o(.bss)
    g_uart1_handle                           0x20000270   Data          64  usart.o(.bss)
    g_sram_handle                            0x200002b0   Data          72  lcd.o(.bss)
    lcddev                                   0x200002f8   Data          14  lcd.o(.bss)
    g_sdcard_handler                         0x20000308   Data         132  sdio_sdcard.o(.bss)
    g_sd_card_info_handle                    0x2000038c   Data          32  sdio_sdcard.o(.bss)
    g_spi2_handler                           0x200003ac   Data          88  spi.o(.bss)
    g_norflash_buf                           0x20000404   Data        4096  norflash.o(.bss)
    fattester                                0x2000be40   Data         384  fattester.o(.bss)
    ftinfo                                   0x2000bfc0   Data          33  fonts.o(.bss)
    picinfo                                  0x2000bfe4   Data          40  piclib.o(.bss)
    pic_phy                                  0x2000c00c   Data          20  piclib.o(.bss)
    g_timx_usmart_handle                     0x2000c020   Data          72  usmart_port.o(.bss)
    __libspace_start                         0x2000c068   Data          96  libspace.o(.bss)
    __temporary_stack_top$libspace           0x2000c0c8   Data           0  libspace.o(.bss)



==============================================================================

Memory Map of the image

  Image Entry point : 0x08000131

  Load Region LR_IROM1 (Base: 0x08000000, Size: 0x00013ef8, Max: 0x00080000, ABSOLUTE, COMPRESSED[0x00013dd0])

    Execution Region ER_IROM1 (Exec base: 0x08000000, Load base: 0x08000000, Size: 0x00013d50, Max: 0x00080000, ABSOLUTE)

    Exec Addr    Load Addr    Size         Type   Attr      Idx    E Section Name        Object

    0x08000000   0x08000000   0x00000130   Data   RO            3    RESET               startup_stm32f103xe.o
    0x08000130   0x08000130   0x00000008   Code   RO         6421  * !!!main             c_w.l(__main.o)
    0x08000138   0x08000138   0x00000034   Code   RO         6654    !!!scatter          c_w.l(__scatter.o)
    0x0800016c   0x0800016c   0x0000005a   Code   RO         6652    !!dczerorl2         c_w.l(__dczerorl2.o)
    0x080001c6   0x080001c6   0x00000002   PAD
    0x080001c8   0x080001c8   0x0000001c   Code   RO         6656    !!handler_zi        c_w.l(__scatter_zi.o)
    0x080001e4   0x080001e4   0x00000000   Code   RO         6395    .ARM.Collect$$_printf_percent$$00000000  c_w.l(_printf_percent.o)
    0x080001e4   0x080001e4   0x00000006   Code   RO         6393    .ARM.Collect$$_printf_percent$$00000009  c_w.l(_printf_d.o)
    0x080001ea   0x080001ea   0x00000006   Code   RO         6394    .ARM.Collect$$_printf_percent$$0000000A  c_w.l(_printf_u.o)
    0x080001f0   0x080001f0   0x00000006   Code   RO         6392    .ARM.Collect$$_printf_percent$$0000000C  c_w.l(_printf_x.o)
    0x080001f6   0x080001f6   0x00000006   Code   RO         6390    .ARM.Collect$$_printf_percent$$00000013  c_w.l(_printf_c.o)
    0x080001fc   0x080001fc   0x00000006   Code   RO         6391    .ARM.Collect$$_printf_percent$$00000014  c_w.l(_printf_s.o)
    0x08000202   0x08000202   0x00000004   Code   RO         6478    .ARM.Collect$$_printf_percent$$00000017  c_w.l(_printf_percent_end.o)
    0x08000206   0x08000206   0x00000002   Code   RO         6529    .ARM.Collect$$libinit$$00000000  c_w.l(libinit.o)
    0x08000208   0x08000208   0x00000000   Code   RO         6542    .ARM.Collect$$libinit$$00000002  c_w.l(libinit2.o)
    0x08000208   0x08000208   0x00000000   Code   RO         6544    .ARM.Collect$$libinit$$00000004  c_w.l(libinit2.o)
    0x08000208   0x08000208   0x00000000   Code   RO         6547    .ARM.Collect$$libinit$$0000000A  c_w.l(libinit2.o)
    0x08000208   0x08000208   0x00000000   Code   RO         6549    .ARM.Collect$$libinit$$0000000C  c_w.l(libinit2.o)
    0x08000208   0x08000208   0x00000000   Code   RO         6551    .ARM.Collect$$libinit$$0000000E  c_w.l(libinit2.o)
    0x08000208   0x08000208   0x00000000   Code   RO         6554    .ARM.Collect$$libinit$$00000011  c_w.l(libinit2.o)
    0x08000208   0x08000208   0x00000000   Code   RO         6556    .ARM.Collect$$libinit$$00000013  c_w.l(libinit2.o)
    0x08000208   0x08000208   0x00000000   Code   RO         6558    .ARM.Collect$$libinit$$00000015  c_w.l(libinit2.o)
    0x08000208   0x08000208   0x00000000   Code   RO         6560    .ARM.Collect$$libinit$$00000017  c_w.l(libinit2.o)
    0x08000208   0x08000208   0x00000000   Code   RO         6562    .ARM.Collect$$libinit$$00000019  c_w.l(libinit2.o)
    0x08000208   0x08000208   0x00000000   Code   RO         6564    .ARM.Collect$$libinit$$0000001B  c_w.l(libinit2.o)
    0x08000208   0x08000208   0x00000000   Code   RO         6566    .ARM.Collect$$libinit$$0000001D  c_w.l(libinit2.o)
    0x08000208   0x08000208   0x00000000   Code   RO         6568    .ARM.Collect$$libinit$$0000001F  c_w.l(libinit2.o)
    0x08000208   0x08000208   0x00000000   Code   RO         6570    .ARM.Collect$$libinit$$00000021  c_w.l(libinit2.o)
    0x08000208   0x08000208   0x00000000   Code   RO         6572    .ARM.Collect$$libinit$$00000023  c_w.l(libinit2.o)
    0x08000208   0x08000208   0x00000000   Code   RO         6574    .ARM.Collect$$libinit$$00000025  c_w.l(libinit2.o)
    0x08000208   0x08000208   0x00000000   Code   RO         6578    .ARM.Collect$$libinit$$0000002C  c_w.l(libinit2.o)
    0x08000208   0x08000208   0x00000000   Code   RO         6580    .ARM.Collect$$libinit$$0000002E  c_w.l(libinit2.o)
    0x08000208   0x08000208   0x00000000   Code   RO         6582    .ARM.Collect$$libinit$$00000030  c_w.l(libinit2.o)
    0x08000208   0x08000208   0x00000000   Code   RO         6584    .ARM.Collect$$libinit$$00000032  c_w.l(libinit2.o)
    0x08000208   0x08000208   0x00000002   Code   RO         6585    .ARM.Collect$$libinit$$00000033  c_w.l(libinit2.o)
    0x0800020a   0x0800020a   0x00000002   Code   RO         6609    .ARM.Collect$$libshutdown$$00000000  c_w.l(libshutdown.o)
    0x0800020c   0x0800020c   0x00000000   Code   RO         6633    .ARM.Collect$$libshutdown$$00000002  c_w.l(libshutdown2.o)
    0x0800020c   0x0800020c   0x00000000   Code   RO         6635    .ARM.Collect$$libshutdown$$00000004  c_w.l(libshutdown2.o)
    0x0800020c   0x0800020c   0x00000000   Code   RO         6637    .ARM.Collect$$libshutdown$$00000006  c_w.l(libshutdown2.o)
    0x0800020c   0x0800020c   0x00000000   Code   RO         6640    .ARM.Collect$$libshutdown$$00000009  c_w.l(libshutdown2.o)
    0x0800020c   0x0800020c   0x00000000   Code   RO         6643    .ARM.Collect$$libshutdown$$0000000C  c_w.l(libshutdown2.o)
    0x0800020c   0x0800020c   0x00000000   Code   RO         6645    .ARM.Collect$$libshutdown$$0000000E  c_w.l(libshutdown2.o)
    0x0800020c   0x0800020c   0x00000000   Code   RO         6648    .ARM.Collect$$libshutdown$$00000011  c_w.l(libshutdown2.o)
    0x0800020c   0x0800020c   0x00000002   Code   RO         6649    .ARM.Collect$$libshutdown$$00000012  c_w.l(libshutdown2.o)
    0x0800020e   0x0800020e   0x00000000   Code   RO         6465    .ARM.Collect$$rtentry$$00000000  c_w.l(__rtentry.o)
    0x0800020e   0x0800020e   0x00000000   Code   RO         6492    .ARM.Collect$$rtentry$$00000002  c_w.l(__rtentry2.o)
    0x0800020e   0x0800020e   0x00000006   Code   RO         6504    .ARM.Collect$$rtentry$$00000004  c_w.l(__rtentry4.o)
    0x08000214   0x08000214   0x00000000   Code   RO         6494    .ARM.Collect$$rtentry$$00000009  c_w.l(__rtentry2.o)
    0x08000214   0x08000214   0x00000004   Code   RO         6495    .ARM.Collect$$rtentry$$0000000A  c_w.l(__rtentry2.o)
    0x08000218   0x08000218   0x00000000   Code   RO         6497    .ARM.Collect$$rtentry$$0000000C  c_w.l(__rtentry2.o)
    0x08000218   0x08000218   0x00000008   Code   RO         6498    .ARM.Collect$$rtentry$$0000000D  c_w.l(__rtentry2.o)
    0x08000220   0x08000220   0x00000002   Code   RO         6533    .ARM.Collect$$rtexit$$00000000  c_w.l(rtexit.o)
    0x08000222   0x08000222   0x00000000   Code   RO         6587    .ARM.Collect$$rtexit$$00000002  c_w.l(rtexit2.o)
    0x08000222   0x08000222   0x00000004   Code   RO         6588    .ARM.Collect$$rtexit$$00000003  c_w.l(rtexit2.o)
    0x08000226   0x08000226   0x00000006   Code   RO         6589    .ARM.Collect$$rtexit$$00000004  c_w.l(rtexit2.o)
    0x0800022c   0x0800022c   0x00000040   Code   RO            4    .text               startup_stm32f103xe.o
    0x0800026c   0x0800026c   0x00000002   Code   RO         6329    .text               c_w.l(use_no_semi_2.o)
    0x0800026e   0x0800026e   0x000000ee   Code   RO         6331    .text               c_w.l(lludivv7m.o)
    0x0800035c   0x0800035c   0x00000048   Code   RO         6333    .text               c_w.l(llsdiv.o)
    0x080003a4   0x080003a4   0x00000018   Code   RO         6337    .text               c_w.l(noretval__2printf.o)
    0x080003bc   0x080003bc   0x0000004e   Code   RO         6341    .text               c_w.l(_printf_pad.o)
    0x0800040a   0x0800040a   0x00000052   Code   RO         6343    .text               c_w.l(_printf_str.o)
    0x0800045c   0x0800045c   0x00000078   Code   RO         6345    .text               c_w.l(_printf_dec.o)
    0x080004d4   0x080004d4   0x00000058   Code   RO         6352    .text               c_w.l(_printf_hex_int.o)
    0x0800052c   0x0800052c   0x00000188   Code   RO         6387    .text               c_w.l(__printf_flags_ss_wp.o)
    0x080006b4   0x080006b4   0x00000014   Code   RO         6397    .text               c_w.l(strchr.o)
    0x080006c8   0x080006c8   0x00000058   Code   RO         6399    .text               c_w.l(memcmp.o)
    0x08000720   0x08000720   0x00000048   Code   RO         6401    .text               c_w.l(strcpy.o)
    0x08000768   0x08000768   0x00000018   Code   RO         6405    .text               c_w.l(strcat.o)
    0x08000780   0x08000780   0x0000008a   Code   RO         6407    .text               c_w.l(rt_memcpy_v6.o)
    0x0800080a   0x0800080a   0x00000064   Code   RO         6409    .text               c_w.l(rt_memcpy_w.o)
    0x0800086e   0x0800086e   0x00000010   Code   RO         6411    .text               c_w.l(aeabi_memset.o)
    0x0800087e   0x0800087e   0x00000044   Code   RO         6413    .text               c_w.l(rt_memclr.o)
    0x080008c2   0x080008c2   0x0000004e   Code   RO         6415    .text               c_w.l(rt_memclr_w.o)
    0x08000910   0x08000910   0x00000080   Code   RO         6417    .text               c_w.l(strcmpv7m.o)
    0x08000990   0x08000990   0x00000006   Code   RO         6419    .text               c_w.l(heapauxi.o)
    0x08000996   0x08000996   0x00000002   Code   RO         6463    .text               c_w.l(use_no_semi.o)
    0x08000998   0x08000998   0x000000b2   Code   RO         6472    .text               c_w.l(_printf_intcommon.o)
    0x08000a4a   0x08000a4a   0x0000002c   Code   RO         6474    .text               c_w.l(_printf_char.o)
    0x08000a76   0x08000a76   0x00000002   PAD
    0x08000a78   0x08000a78   0x00000024   Code   RO         6476    .text               c_w.l(_printf_char_file.o)
    0x08000a9c   0x08000a9c   0x00000030   Code   RO         6508    .text               c_w.l(_printf_char_common.o)
    0x08000acc   0x08000acc   0x00000008   Code   RO         6510    .text               c_w.l(ferror.o)
    0x08000ad4   0x08000ad4   0x0000004a   Code   RO         6514    .text               c_w.l(sys_stackheap_outer.o)
    0x08000b1e   0x08000b1e   0x00000012   Code   RO         6518    .text               c_w.l(exit.o)
    0x08000b30   0x08000b30   0x00000008   Code   RO         6530    .text               c_w.l(libspace.o)
    0x08000b38   0x08000b38   0x00000004   Code   RO          342    i.BusFault_Handler  stm32f1xx_it.o
    0x08000b3c   0x08000b3c   0x00000002   Code   RO          343    i.DebugMon_Handler  stm32f1xx_it.o
    0x08000b3e   0x08000b3e   0x00000002   PAD
    0x08000b40   0x08000b40   0x00000044   Code   RO         2240    i.FSMC_NORSRAM_Extended_Timing_Init  stm32f1xx_ll_fsmc.o
    0x08000b84   0x08000b84   0x00000078   Code   RO         2241    i.FSMC_NORSRAM_Init  stm32f1xx_ll_fsmc.o
    0x08000bfc   0x08000bfc   0x00000042   Code   RO         2242    i.FSMC_NORSRAM_Timing_Init  stm32f1xx_ll_fsmc.o
    0x08000c3e   0x08000c3e   0x00000002   PAD
    0x08000c40   0x08000c40   0x000001a8   Code   RO         1037    i.HAL_DMA_Abort_IT  stm32f1xx_hal_dma.o
    0x08000de8   0x08000de8   0x0000000c   Code   RO          545    i.HAL_Delay         delay.o
    0x08000df4   0x08000df4   0x00000340   Code   RO         1133    i.HAL_GPIO_Init     stm32f1xx_hal_gpio.o
    0x08001134   0x08001134   0x00000010   Code   RO         1135    i.HAL_GPIO_ReadPin  stm32f1xx_hal_gpio.o
    0x08001144   0x08001144   0x00000014   Code   RO         1136    i.HAL_GPIO_TogglePin  stm32f1xx_hal_gpio.o
    0x08001158   0x08001158   0x0000000c   Code   RO         1137    i.HAL_GPIO_WritePin  stm32f1xx_hal_gpio.o
    0x08001164   0x08001164   0x0000000c   Code   RO          750    i.HAL_GetTick       stm32f1xx_hal.o
    0x08001170   0x08001170   0x00000018   Code   RO          756    i.HAL_IncTick       stm32f1xx_hal.o
    0x08001188   0x08001188   0x00000028   Code   RO          757    i.HAL_Init          stm32f1xx_hal.o
    0x080011b0   0x080011b0   0x0000004c   Code   RO          758    i.HAL_InitTick      stm32f1xx_hal.o
    0x080011fc   0x080011fc   0x00000002   Code   RO          760    i.HAL_MspInit       stm32f1xx_hal.o
    0x080011fe   0x080011fe   0x00000020   Code   RO          915    i.HAL_NVIC_EnableIRQ  stm32f1xx_hal_cortex.o
    0x0800121e   0x0800121e   0x0000007c   Code   RO          921    i.HAL_NVIC_SetPriority  stm32f1xx_hal_cortex.o
    0x0800129a   0x0800129a   0x00000002   PAD
    0x0800129c   0x0800129c   0x00000028   Code   RO          922    i.HAL_NVIC_SetPriorityGrouping  stm32f1xx_hal_cortex.o
    0x080012c4   0x080012c4   0x0000018c   Code   RO         1358    i.HAL_RCC_ClockConfig  stm32f1xx_hal_rcc.o
    0x08001450   0x08001450   0x0000000c   Code   RO         1363    i.HAL_RCC_GetHCLKFreq  stm32f1xx_hal_rcc.o
    0x0800145c   0x0800145c   0x00000020   Code   RO         1365    i.HAL_RCC_GetPCLK1Freq  stm32f1xx_hal_rcc.o
    0x0800147c   0x0800147c   0x00000020   Code   RO         1366    i.HAL_RCC_GetPCLK2Freq  stm32f1xx_hal_rcc.o
    0x0800149c   0x0800149c   0x00000094   Code   RO         1367    i.HAL_RCC_GetSysClockFreq  stm32f1xx_hal_rcc.o
    0x08001530   0x08001530   0x00000464   Code   RO         1370    i.HAL_RCC_OscConfig  stm32f1xx_hal_rcc.o
    0x08001994   0x08001994   0x000001c8   Code   RO         2714    i.HAL_SD_GetCardCSD  stm32f1xx_hal_sd.o
    0x08001b5c   0x08001b5c   0x00000024   Code   RO         2716    i.HAL_SD_GetCardState  stm32f1xx_hal_sd.o
    0x08001b80   0x08001b80   0x0000003c   Code   RO         2721    i.HAL_SD_Init       stm32f1xx_hal_sd.o
    0x08001bbc   0x08001bbc   0x00000084   Code   RO         2722    i.HAL_SD_InitCard   stm32f1xx_hal_sd.o
    0x08001c40   0x08001c40   0x00000144   Code   RO         4537    i.HAL_SD_MspInit    sdio_sdcard.o
    0x08001d84   0x08001d84   0x000002c0   Code   RO         2725    i.HAL_SD_ReadBlocks  stm32f1xx_hal_sd.o
    0x08002044   0x08002044   0x00000254   Code   RO         2730    i.HAL_SD_WriteBlocks  stm32f1xx_hal_sd.o
    0x08002298   0x08002298   0x000000d4   Code   RO         2369    i.HAL_SPI_Init      stm32f1xx_hal_spi.o
    0x0800236c   0x0800236c   0x000000b0   Code   RO         4607    i.HAL_SPI_MspInit   spi.o
    0x0800241c   0x0800241c   0x000002ee   Code   RO         2378    i.HAL_SPI_TransmitReceive  stm32f1xx_hal_spi.o
    0x0800270a   0x0800270a   0x00000066   Code   RO         2101    i.HAL_SRAM_Init     stm32f1xx_hal_sram.o
    0x08002770   0x08002770   0x00000090   Code   RO         4245    i.HAL_SRAM_MspInit  lcd.o
    0x08002800   0x08002800   0x00000034   Code   RO          926    i.HAL_SYSTICK_Config  stm32f1xx_hal_cortex.o
    0x08002834   0x08002834   0x00000066   Code   RO         3239    i.HAL_TIM_Base_Init  stm32f1xx_hal_tim.o
    0x0800289a   0x0800289a   0x00000002   Code   RO         3241    i.HAL_TIM_Base_MspInit  stm32f1xx_hal_tim.o
    0x0800289c   0x0800289c   0x00000090   Code   RO         3244    i.HAL_TIM_Base_Start_IT  stm32f1xx_hal_tim.o
    0x0800292c   0x0800292c   0x00000002   Code   RO         1521    i.HAL_UART_ErrorCallback  stm32f1xx_hal_uart.o
    0x0800292e   0x0800292e   0x00000002   PAD
    0x08002930   0x08002930   0x00000154   Code   RO         1524    i.HAL_UART_IRQHandler  stm32f1xx_hal_uart.o
    0x08002a84   0x08002a84   0x00000072   Code   RO         1525    i.HAL_UART_Init     stm32f1xx_hal_uart.o
    0x08002af6   0x08002af6   0x00000002   PAD
    0x08002af8   0x08002af8   0x000000b4   Code   RO          662    i.HAL_UART_MspInit  usart.o
    0x08002bac   0x08002bac   0x00000070   Code   RO         1530    i.HAL_UART_Receive_IT  stm32f1xx_hal_uart.o
    0x08002c1c   0x08002c1c   0x0000009c   Code   RO          663    i.HAL_UART_RxCpltCallback  usart.o
    0x08002cb8   0x08002cb8   0x00000002   Code   RO         1536    i.HAL_UART_TxCpltCallback  stm32f1xx_hal_uart.o
    0x08002cba   0x08002cba   0x00000004   Code   RO          344    i.HardFault_Handler  stm32f1xx_it.o
    0x08002cbe   0x08002cbe   0x00000004   Code   RO          345    i.MemManage_Handler  stm32f1xx_it.o
    0x08002cc2   0x08002cc2   0x00000002   Code   RO          346    i.NMI_Handler       stm32f1xx_it.o
    0x08002cc4   0x08002cc4   0x00000002   Code   RO          347    i.PendSV_Handler    stm32f1xx_it.o
    0x08002cc6   0x08002cc6   0x00000002   PAD
    0x08002cc8   0x08002cc8   0x00000028   Code   RO         1371    i.RCC_Delay         stm32f1xx_hal_rcc.o
    0x08002cf0   0x08002cf0   0x0000002c   Code   RO         2961    i.SDIO_ConfigData   stm32f1xx_ll_sdmmc.o
    0x08002d1c   0x08002d1c   0x00000008   Code   RO         2962    i.SDIO_GetCommandResponse  stm32f1xx_ll_sdmmc.o
    0x08002d24   0x08002d24   0x0000000a   Code   RO         2965    i.SDIO_GetPowerState  stm32f1xx_ll_sdmmc.o
    0x08002d2e   0x08002d2e   0x0000000c   Code   RO         2966    i.SDIO_GetResponse  stm32f1xx_ll_sdmmc.o
    0x08002d3a   0x08002d3a   0x00000034   Code   RO         2967    i.SDIO_Init         stm32f1xx_ll_sdmmc.o
    0x08002d6e   0x08002d6e   0x00000012   Code   RO         2969    i.SDIO_PowerState_ON  stm32f1xx_ll_sdmmc.o
    0x08002d80   0x08002d80   0x00000008   Code   RO         2970    i.SDIO_ReadFIFO     stm32f1xx_ll_sdmmc.o
    0x08002d88   0x08002d88   0x00000028   Code   RO         2971    i.SDIO_SendCommand  stm32f1xx_ll_sdmmc.o
    0x08002db0   0x08002db0   0x0000000c   Code   RO         2973    i.SDIO_WriteFIFO    stm32f1xx_ll_sdmmc.o
    0x08002dbc   0x08002dbc   0x00000038   Code   RO         2974    i.SDMMC_CmdAppCommand  stm32f1xx_ll_sdmmc.o
    0x08002df4   0x08002df4   0x0000003c   Code   RO         2975    i.SDMMC_CmdAppOperCommand  stm32f1xx_ll_sdmmc.o
    0x08002e30   0x08002e30   0x00000038   Code   RO         2976    i.SDMMC_CmdBlockLength  stm32f1xx_ll_sdmmc.o
    0x08002e68   0x08002e68   0x0000002c   Code   RO         2981    i.SDMMC_CmdGoIdleState  stm32f1xx_ll_sdmmc.o
    0x08002e94   0x08002e94   0x00000034   Code   RO         2983    i.SDMMC_CmdOperCond  stm32f1xx_ll_sdmmc.o
    0x08002ec8   0x08002ec8   0x00000038   Code   RO         2984    i.SDMMC_CmdReadMultiBlock  stm32f1xx_ll_sdmmc.o
    0x08002f00   0x08002f00   0x00000038   Code   RO         2985    i.SDMMC_CmdReadSingleBlock  stm32f1xx_ll_sdmmc.o
    0x08002f38   0x08002f38   0x0000003a   Code   RO         2988    i.SDMMC_CmdSelDesel  stm32f1xx_ll_sdmmc.o
    0x08002f72   0x08002f72   0x00000032   Code   RO         2989    i.SDMMC_CmdSendCID  stm32f1xx_ll_sdmmc.o
    0x08002fa4   0x08002fa4   0x00000032   Code   RO         2990    i.SDMMC_CmdSendCSD  stm32f1xx_ll_sdmmc.o
    0x08002fd6   0x08002fd6   0x00000038   Code   RO         2992    i.SDMMC_CmdSendStatus  stm32f1xx_ll_sdmmc.o
    0x0800300e   0x0800300e   0x00000038   Code   RO         2993    i.SDMMC_CmdSetRelAdd  stm32f1xx_ll_sdmmc.o
    0x08003046   0x08003046   0x00000002   PAD
    0x08003048   0x08003048   0x0000003c   Code   RO         2995    i.SDMMC_CmdStopTransfer  stm32f1xx_ll_sdmmc.o
    0x08003084   0x08003084   0x00000038   Code   RO         2997    i.SDMMC_CmdWriteMultiBlock  stm32f1xx_ll_sdmmc.o
    0x080030bc   0x080030bc   0x00000038   Code   RO         2998    i.SDMMC_CmdWriteSingleBlock  stm32f1xx_ll_sdmmc.o
    0x080030f4   0x080030f4   0x00000040   Code   RO         2999    i.SDMMC_GetCmdError  stm32f1xx_ll_sdmmc.o
    0x08003134   0x08003134   0x000001ac   Code   RO         3000    i.SDMMC_GetCmdResp1  stm32f1xx_ll_sdmmc.o
    0x080032e0   0x080032e0   0x00000064   Code   RO         3001    i.SDMMC_GetCmdResp2  stm32f1xx_ll_sdmmc.o
    0x08003344   0x08003344   0x00000058   Code   RO         3002    i.SDMMC_GetCmdResp3  stm32f1xx_ll_sdmmc.o
    0x0800339c   0x0800339c   0x000000b8   Code   RO         3003    i.SDMMC_GetCmdResp6  stm32f1xx_ll_sdmmc.o
    0x08003454   0x08003454   0x0000006c   Code   RO         3004    i.SDMMC_GetCmdResp7  stm32f1xx_ll_sdmmc.o
    0x080034c0   0x080034c0   0x00000102   Code   RO         2739    i.SD_InitCard       stm32f1xx_hal_sd.o
    0x080035c2   0x080035c2   0x00000002   PAD
    0x080035c4   0x080035c4   0x000000cc   Code   RO         2741    i.SD_PowerON        stm32f1xx_hal_sd.o
    0x08003690   0x08003690   0x00000030   Code   RO         2744    i.SD_SendStatus     stm32f1xx_hal_sd.o
    0x080036c0   0x080036c0   0x00000028   Code   RO         2409    i.SPI_EndRxTxTransaction  stm32f1xx_hal_spi.o
    0x080036e8   0x080036e8   0x00000006   Code   RO         2410    i.SPI_ISCRCErrorValid  stm32f1xx_hal_spi.o
    0x080036ee   0x080036ee   0x00000002   PAD
    0x080036f0   0x080036f0   0x000000d8   Code   RO         2417    i.SPI_WaitFlagStateUntilTimeout  stm32f1xx_hal_spi.o
    0x080037c8   0x080037c8   0x00000002   Code   RO          348    i.SVC_Handler       stm32f1xx_it.o
    0x080037ca   0x080037ca   0x00000008   Code   RO          349    i.SysTick_Handler   stm32f1xx_it.o
    0x080037d2   0x080037d2   0x00000002   Code   RO          306    i.SystemInit        system_stm32f1xx.o
    0x080037d4   0x080037d4   0x00000044   Code   RO         6195    i.TIM4_IRQHandler   usmart_port.o
    0x08003818   0x08003818   0x0000009c   Code   RO         3332    i.TIM_Base_SetConfig  stm32f1xx_hal_tim.o
    0x080038b4   0x080038b4   0x00000014   Code   RO         1538    i.UART_DMAAbortOnError  stm32f1xx_hal_uart.o
    0x080038c8   0x080038c8   0x00000020   Code   RO         1548    i.UART_EndRxTransfer  stm32f1xx_hal_uart.o
    0x080038e8   0x080038e8   0x00000020   Code   RO         1549    i.UART_EndTransmit_IT  stm32f1xx_hal_uart.o
    0x08003908   0x08003908   0x000000a0   Code   RO         1551    i.UART_Receive_IT   stm32f1xx_hal_uart.o
    0x080039a8   0x080039a8   0x000000fc   Code   RO         1552    i.UART_SetConfig    stm32f1xx_hal_uart.o
    0x08003aa4   0x08003aa4   0x00000060   Code   RO         1553    i.UART_Transmit_IT  stm32f1xx_hal_uart.o
    0x08003b04   0x08003b04   0x00000010   Code   RO          664    i.USART1_IRQHandler  usart.o
    0x08003b14   0x08003b14   0x00000004   Code   RO          350    i.UsageFault_Handler  stm32f1xx_it.o
    0x08003b18   0x08003b18   0x00000010   Code   RO          928    i.__NVIC_GetPriorityGrouping  stm32f1xx_hal_cortex.o
    0x08003b28   0x08003b28   0x00000028   Code   RO          929    i.__NVIC_SetPriority  stm32f1xx_hal_cortex.o
    0x08003b50   0x08003b50   0x0000000e   Code   RO         6380    i._is_digit         c_w.l(__printf_wp.o)
    0x08003b5e   0x08003b5e   0x00000004   Code   RO          666    i._sys_exit         usart.o
    0x08003b62   0x08003b62   0x00000024   Code   RO         5976    i.alloc_pool        tjpgd.o
    0x08003b86   0x08003b86   0x000000ac   Code   RO         5977    i.bitext            tjpgd.o
    0x08003c32   0x08003c32   0x000002a0   Code   RO         5978    i.block_idct        tjpgd.o
    0x08003ed2   0x08003ed2   0x00000002   PAD
    0x08003ed4   0x08003ed4   0x000001f0   Code   RO         5752    i.bmp_encode        bmp.o
    0x080040c4   0x080040c4   0x0000008a   Code   RO         4879    i.change_bitmap     ff.o
    0x0800414e   0x0800414e   0x00000002   PAD
    0x08004150   0x08004150   0x00000104   Code   RO         4880    i.check_fs          ff.o
    0x08004254   0x08004254   0x00000062   Code   RO         4881    i.clmt_clust        ff.o
    0x080042b6   0x080042b6   0x0000001a   Code   RO         4882    i.clst2sect         ff.o
    0x080042d0   0x080042d0   0x00000098   Code   RO         4883    i.cmp_lfn           ff.o
    0x08004368   0x08004368   0x000001cc   Code   RO         4884    i.create_chain      ff.o
    0x08004534   0x08004534   0x0000024e   Code   RO         5979    i.create_huffman_tbl  tjpgd.o
    0x08004782   0x08004782   0x00000002   PAD
    0x08004784   0x08004784   0x0000025c   Code   RO         4885    i.create_name       ff.o
    0x080049e0   0x080049e0   0x00000074   Code   RO         5980    i.create_qt_tbl     tjpgd.o
    0x08004a54   0x08004a54   0x00000090   Code   RO         4887    i.create_xdir       ff.o
    0x08004ae4   0x08004ae4   0x00000034   Code   RO         4888    i.dbc_1st           ff.o
    0x08004b18   0x08004b18   0x00000048   Code   RO         4889    i.dbc_2nd           ff.o
    0x08004b60   0x08004b60   0x0000000c   Code   RO          546    i.delay_init        delay.o
    0x08004b6c   0x08004b6c   0x00000012   Code   RO          547    i.delay_ms          delay.o
    0x08004b7e   0x08004b7e   0x00000002   PAD
    0x08004b80   0x08004b80   0x00000048   Code   RO          548    i.delay_us          delay.o
    0x08004bc8   0x08004bc8   0x0000007c   Code   RO         4890    i.dir_alloc         ff.o
    0x08004c44   0x08004c44   0x000000c2   Code   RO         4891    i.dir_clear         ff.o
    0x08004d06   0x08004d06   0x000001a8   Code   RO         4892    i.dir_find          ff.o
    0x08004eae   0x08004eae   0x000000e0   Code   RO         4893    i.dir_next          ff.o
    0x08004f8e   0x08004f8e   0x00000102   Code   RO         4894    i.dir_read          ff.o
    0x08005090   0x08005090   0x0000022a   Code   RO         4895    i.dir_register      ff.o
    0x080052ba   0x080052ba   0x000000aa   Code   RO         4897    i.dir_sdi           ff.o
    0x08005364   0x08005364   0x0000002c   Code   RO         4831    i.disk_initialize   diskio.o
    0x08005390   0x08005390   0x000000b4   Code   RO         4832    i.disk_ioctl        diskio.o
    0x08005444   0x08005444   0x0000007e   Code   RO         4833    i.disk_read         diskio.o
    0x080054c2   0x080054c2   0x00000006   Code   RO         4834    i.disk_status       diskio.o
    0x080054c8   0x080054c8   0x0000007e   Code   RO         4835    i.disk_write        diskio.o
    0x08005546   0x08005546   0x0000001a   Code   RO         5368    i.exfuns_char_upper  exfuns.o
    0x08005560   0x08005560   0x000000c0   Code   RO         5370    i.exfuns_file_type  exfuns.o
    0x08005620   0x08005620   0x00000044   Code   RO         5375    i.exfuns_init       exfuns.o
    0x08005664   0x08005664   0x00000026   Code   RO         4898    i.f_close           ff.o
    0x0800568a   0x0800568a   0x00000456   Code   RO         4903    i.f_lseek           ff.o
    0x08005ae0   0x08005ae0   0x00000054   Code   RO         4906    i.f_mount           ff.o
    0x08005b34   0x08005b34   0x00000312   Code   RO         4907    i.f_open            ff.o
    0x08005e46   0x08005e46   0x000000b8   Code   RO         4908    i.f_opendir         ff.o
    0x08005efe   0x08005efe   0x00000228   Code   RO         4912    i.f_read            ff.o
    0x08006126   0x08006126   0x00000070   Code   RO         4913    i.f_readdir         ff.o
    0x08006196   0x08006196   0x000001a8   Code   RO         4917    i.f_sync            ff.o
    0x0800633e   0x0800633e   0x00000284   Code   RO         4920    i.f_write           ff.o
    0x080065c2   0x080065c2   0x0000000e   Code   RO         5332    i.ff_memalloc       ffsystem.o
    0x080065d0   0x080065d0   0x0000000e   Code   RO         5333    i.ff_memfree        ffsystem.o
    0x080065de   0x080065de   0x00000002   PAD
    0x080065e0   0x080065e0   0x00000088   Code   RO         5616    i.ff_oem2uni        myffunicode.o
    0x08006668   0x08006668   0x00000084   Code   RO         5617    i.ff_uni2oem        myffunicode.o
    0x080066ec   0x080066ec   0x000000b0   Code   RO         5618    i.ff_wtoupper       myffunicode.o
    0x0800679c   0x0800679c   0x00000036   Code   RO         4921    i.fill_first_frag   ff.o
    0x080067d2   0x080067d2   0x00000044   Code   RO         4922    i.fill_last_frag    ff.o
    0x08006816   0x08006816   0x000000a4   Code   RO         4923    i.find_bitmap       ff.o
    0x080068ba   0x080068ba   0x00000078   Code   RO         4924    i.find_volume       ff.o
    0x08006932   0x08006932   0x000000c4   Code   RO         4925    i.follow_path       ff.o
    0x080069f6   0x080069f6   0x00000002   PAD
    0x080069f8   0x080069f8   0x00000040   Code   RO         5653    i.fonts_init        fonts.o
    0x08006a38   0x08006a38   0x0000001c   Code   RO          668    i.fputc             usart.o
    0x08006a54   0x08006a54   0x000000d4   Code   RO         4926    i.gen_numname       ff.o
    0x08006b28   0x08006b28   0x00000194   Code   RO         4927    i.get_fat           ff.o
    0x08006cbc   0x08006cbc   0x00000004   Code   RO         5334    i.get_fattime       ffsystem.o
    0x08006cc0   0x08006cc0   0x0000027a   Code   RO         4928    i.get_fileinfo      ff.o
    0x08006f3a   0x08006f3a   0x0000004e   Code   RO         4929    i.get_ldnumber      ff.o
    0x08006f88   0x08006f88   0x00000018   Code   RO         4539    i.get_sd_card_state  sdio_sdcard.o
    0x08006fa0   0x08006fa0   0x00000058   Code   RO         5791    i.gif_check_head    gif.o
    0x08006ff8   0x08006ff8   0x000001f4   Code   RO         5792    i.gif_clear2bkcolor  gif.o
    0x080071ec   0x080071ec   0x0000012c   Code   RO         5793    i.gif_decode        gif.o
    0x08007318   0x08007318   0x00000218   Code   RO         5794    i.gif_dispimage     gif.o
    0x08007530   0x08007530   0x00000158   Code   RO         5795    i.gif_drawimage     gif.o
    0x08007688   0x08007688   0x00000068   Code   RO         5796    i.gif_getdatablock  gif.o
    0x080076f0   0x080076f0   0x00000046   Code   RO         5797    i.gif_getinfo       gif.o
    0x08007736   0x08007736   0x00000358   Code   RO         5798    i.gif_getnextbyte   gif.o
    0x08007a8e   0x08007a8e   0x00000002   PAD
    0x08007a90   0x08007a90   0x000001c8   Code   RO         5799    i.gif_getnextcode   gif.o
    0x08007c58   0x08007c58   0x0000001c   Code   RO         5800    i.gif_getrgb565     gif.o
    0x08007c74   0x08007c74   0x00000098   Code   RO         5801    i.gif_initlzw       gif.o
    0x08007d0c   0x08007d0c   0x00000040   Code   RO         5803    i.gif_readcolortbl  gif.o
    0x08007d4c   0x08007d4c   0x000000a0   Code   RO         5804    i.gif_readextension  gif.o
    0x08007dec   0x08007dec   0x00000026   Code   RO         5805    i.gif_recovergctbl  gif.o
    0x08007e12   0x08007e12   0x00000026   Code   RO         5806    i.gif_savegctbl     gif.o
    0x08007e38   0x08007e38   0x00000194   Code   RO         5981    i.huffext           tjpgd.o
    0x08007fcc   0x08007fcc   0x00000032   Code   RO         4930    i.init_alloc_info   ff.o
    0x08007ffe   0x08007ffe   0x000000a2   Code   RO         5982    i.jd_decomp         tjpgd.o
    0x080080a0   0x080080a0   0x0000035e   Code   RO         5983    i.jd_prepare        tjpgd.o
    0x080083fe   0x080083fe   0x00000002   PAD
    0x08008400   0x08008400   0x00000028   Code   RO         5984    i.jpeg_freeall      tjpgd.o
    0x08008428   0x08008428   0x00000040   Code   RO         5985    i.jpeg_in_func      tjpgd.o
    0x08008468   0x08008468   0x00000054   Code   RO         5986    i.jpeg_mallocall    tjpgd.o
    0x080084bc   0x080084bc   0x00000054   Code   RO         5987    i.jpeg_out_func_fill  tjpgd.o
    0x08008510   0x08008510   0x000000c0   Code   RO         5988    i.jpeg_out_func_point  tjpgd.o
    0x080085d0   0x080085d0   0x00000104   Code   RO         5989    i.jpg_decode        tjpgd.o
    0x080086d4   0x080086d4   0x000000b8   Code   RO         4506    i.key_init          key.o
    0x0800878c   0x0800878c   0x000000a0   Code   RO         4507    i.key_scan          key.o
    0x0800882c   0x0800882c   0x00000034   Code   RO         4246    i.lcd_clear         lcd.o
    0x08008860   0x08008860   0x00000060   Code   RO         4247    i.lcd_color_fill    lcd.o
    0x080088c0   0x080088c0   0x0000016c   Code   RO         4248    i.lcd_display_dir   lcd.o
    0x08008a2c   0x08008a2c   0x00000038   Code   RO         4252    i.lcd_draw_hline    lcd.o
    0x08008a64   0x08008a64   0x00000020   Code   RO         4254    i.lcd_draw_point    lcd.o
    0x08008a84   0x08008a84   0x0000022c   Code   RO         4256    i.lcd_ex_ili9341_reginit  lcd.o
    0x08008cb0   0x08008cb0   0x00000340   Code   RO         4257    i.lcd_ex_ili9806_reginit  lcd.o
    0x08008ff0   0x08008ff0   0x00000ef2   Code   RO         4258    i.lcd_ex_nt35310_reginit  lcd.o
    0x08009ee2   0x08009ee2   0x00000efc   Code   RO         4259    i.lcd_ex_nt35510_reginit  lcd.o
    0x0800adde   0x0800adde   0x0000016e   Code   RO         4260    i.lcd_ex_ssd1963_reginit  lcd.o
    0x0800af4c   0x0800af4c   0x000001a8   Code   RO         4261    i.lcd_ex_st7789_reginit  lcd.o
    0x0800b0f4   0x0800b0f4   0x000001c6   Code   RO         4262    i.lcd_ex_st7796_reginit  lcd.o
    0x0800b2ba   0x0800b2ba   0x00000002   PAD
    0x0800b2bc   0x0800b2bc   0x00000054   Code   RO         4263    i.lcd_fill          lcd.o
    0x0800b310   0x0800b310   0x00000468   Code   RO         4265    i.lcd_init          lcd.o
    0x0800b778   0x0800b778   0x0000000c   Code   RO         4266    i.lcd_opt_delay     lcd.o
    0x0800b784   0x0800b784   0x00000018   Code   RO         4268    i.lcd_rd_data       lcd.o
    0x0800b79c   0x0800b79c   0x00000098   Code   RO         4269    i.lcd_read_point    lcd.o
    0x0800b834   0x0800b834   0x0000023c   Code   RO         4270    i.lcd_scan_dir      lcd.o
    0x0800ba70   0x0800ba70   0x00000120   Code   RO         4271    i.lcd_set_cursor    lcd.o
    0x0800bb90   0x0800bb90   0x00000140   Code   RO         4273    i.lcd_show_char     lcd.o
    0x0800bcd0   0x0800bcd0   0x0000006a   Code   RO         4275    i.lcd_show_string   lcd.o
    0x0800bd3a   0x0800bd3a   0x00000002   PAD
    0x0800bd3c   0x0800bd3c   0x00000054   Code   RO         4277    i.lcd_ssd_backlight_set  lcd.o
    0x0800bd90   0x0800bd90   0x00000018   Code   RO         4278    i.lcd_wr_data       lcd.o
    0x0800bda8   0x0800bda8   0x00000018   Code   RO         4279    i.lcd_wr_regno      lcd.o
    0x0800bdc0   0x0800bdc0   0x00000014   Code   RO         4280    i.lcd_write_ram_prepare  lcd.o
    0x0800bdd4   0x0800bdd4   0x00000010   Code   RO         4281    i.lcd_write_reg     lcd.o
    0x0800bde4   0x0800bde4   0x00000026   Code   RO         4931    i.ld_clust          ff.o
    0x0800be0a   0x0800be0a   0x00000018   Code   RO         4932    i.ld_dword          ff.o
    0x0800be22   0x0800be22   0x00000062   Code   RO         4933    i.ld_qword          ff.o
    0x0800be84   0x0800be84   0x0000000c   Code   RO         4934    i.ld_word           ff.o
    0x0800be90   0x0800be90   0x00000090   Code   RO         4221    i.led_init          led.o
    0x0800bf20   0x0800bf20   0x00000040   Code   RO         4935    i.load_obj_xdir     ff.o
    0x0800bf60   0x0800bf60   0x0000010e   Code   RO         4936    i.load_xdir         ff.o
    0x0800c06e   0x0800c06e   0x00000002   PAD
    0x0800c070   0x0800c070   0x00000518   Code   RO           13    i.main              main.o
    0x0800c588   0x0800c588   0x000001cc   Code   RO         5991    i.mcu_load          tjpgd.o
    0x0800c754   0x0800c754   0x0000039c   Code   RO         5992    i.mcu_output        tjpgd.o
    0x0800caf0   0x0800caf0   0x00000020   Code   RO         5450    i.mf_free           fattester.o
    0x0800cb10   0x0800cb10   0x00000040   Code   RO         5453    i.mf_init           fattester.o
    0x0800cb50   0x0800cb50   0x00000474   Code   RO         4937    i.mount_volume      ff.o
    0x0800cfc4   0x0800cfc4   0x00000034   Code   RO         4938    i.move_window       ff.o
    0x0800cff8   0x0800cff8   0x0000006c   Code   RO         4752    i.my_mem_free       malloc.o
    0x0800d064   0x0800d064   0x00000030   Code   RO         4753    i.my_mem_init       malloc.o
    0x0800d094   0x0800d094   0x000000a8   Code   RO         4754    i.my_mem_malloc     malloc.o
    0x0800d13c   0x0800d13c   0x00000040   Code   RO         4755    i.my_mem_perused    malloc.o
    0x0800d17c   0x0800d17c   0x00000014   Code   RO         4756    i.my_mem_set        malloc.o
    0x0800d190   0x0800d190   0x00000024   Code   RO         4757    i.myfree            malloc.o
    0x0800d1b4   0x0800d1b4   0x00000028   Code   RO         4758    i.mymalloc          malloc.o
    0x0800d1dc   0x0800d1dc   0x00000044   Code   RO         4656    i.norflash_erase_sector  norflash.o
    0x0800d220   0x0800d220   0x000000b8   Code   RO         4657    i.norflash_init     norflash.o
    0x0800d2d8   0x0800d2d8   0x00000050   Code   RO         4658    i.norflash_read     norflash.o
    0x0800d328   0x0800d328   0x00000050   Code   RO         4659    i.norflash_read_id  norflash.o
    0x0800d378   0x0800d378   0x0000005c   Code   RO         4660    i.norflash_read_sr  norflash.o
    0x0800d3d4   0x0800d3d4   0x00000034   Code   RO         4661    i.norflash_send_address  norflash.o
    0x0800d408   0x0800d408   0x00000014   Code   RO         4662    i.norflash_wait_busy  norflash.o
    0x0800d41c   0x0800d41c   0x000000b8   Code   RO         4663    i.norflash_write    norflash.o
    0x0800d4d4   0x0800d4d4   0x0000002c   Code   RO         4664    i.norflash_write_enable  norflash.o
    0x0800d500   0x0800d500   0x00000046   Code   RO         4665    i.norflash_write_nocheck  norflash.o
    0x0800d546   0x0800d546   0x00000002   PAD
    0x0800d548   0x0800d548   0x00000058   Code   RO         4666    i.norflash_write_page  norflash.o
    0x0800d5a0   0x0800d5a0   0x00000058   Code   RO         4667    i.norflash_write_sr  norflash.o
    0x0800d5f8   0x0800d5f8   0x0000005e   Code   RO           14    i.pic_get_tnum      main.o
    0x0800d656   0x0800d656   0x00000002   PAD
    0x0800d658   0x0800d658   0x0000008c   Code   RO         4939    i.pick_lfn          ff.o
    0x0800d6e4   0x0800d6e4   0x0000010c   Code   RO         5899    i.piclib_ai_draw_init  piclib.o
    0x0800d7f0   0x0800d7f0   0x000000d0   Code   RO         5900    i.piclib_ai_load_picfile  piclib.o
    0x0800d8c0   0x0800d8c0   0x0000002c   Code   RO         5902    i.piclib_fill_color  piclib.o
    0x0800d8ec   0x0800d8ec   0x0000005c   Code   RO         5903    i.piclib_init       piclib.o
    0x0800d948   0x0800d948   0x00000028   Code   RO         5955    i.piclib_is_element_ok  piclib.o
    0x0800d970   0x0800d970   0x0000000e   Code   RO         5904    i.piclib_mem_free   piclib.o
    0x0800d97e   0x0800d97e   0x0000000e   Code   RO         5905    i.piclib_mem_malloc  piclib.o
    0x0800d98c   0x0800d98c   0x00000144   Code   RO         4940    i.put_fat           ff.o
    0x0800dad0   0x0800dad0   0x00000080   Code   RO         4941    i.put_lfn           ff.o
    0x0800db50   0x0800db50   0x00000042   Code   RO         4942    i.put_utf           ff.o
    0x0800db92   0x0800db92   0x00000006   Code   RO         6103    i.read_addr         usmart.o
    0x0800db98   0x0800db98   0x0000014a   Code   RO         4946    i.remove_chain      ff.o
    0x0800dce2   0x0800dce2   0x00000088   Code   RO         5993    i.restart           tjpgd.o
    0x0800dd6a   0x0800dd6a   0x00000002   PAD
    0x0800dd6c   0x0800dd6c   0x00000038   Code   RO         4540    i.sd_init           sdio_sdcard.o
    0x0800dda4   0x0800dda4   0x00000050   Code   RO         4541    i.sd_read_disk      sdio_sdcard.o
    0x0800ddf4   0x0800ddf4   0x00000050   Code   RO         4542    i.sd_write_disk     sdio_sdcard.o
    0x0800de44   0x0800de44   0x0000007c   Code   RO         4608    i.spi2_init         spi.o
    0x0800dec0   0x0800dec0   0x00000020   Code   RO         4609    i.spi2_read_write_byte  spi.o
    0x0800dee0   0x0800dee0   0x00000048   Code   RO         4610    i.spi2_set_speed    spi.o
    0x0800df28   0x0800df28   0x00000024   Code   RO         4947    i.st_clust          ff.o
    0x0800df4c   0x0800df4c   0x00000018   Code   RO         4948    i.st_dword          ff.o
    0x0800df64   0x0800df64   0x0000005c   Code   RO         4949    i.st_qword          ff.o
    0x0800dfc0   0x0800dfc0   0x0000000c   Code   RO         4950    i.st_word           ff.o
    0x0800dfcc   0x0800dfcc   0x000002dc   Code   RO         5754    i.stdbmp_decode     bmp.o
    0x0800e2a8   0x0800e2a8   0x00000072   Code   RO         4951    i.store_xdir        ff.o
    0x0800e31a   0x0800e31a   0x00000020   Code   RO         4952    i.sum_sfn           ff.o
    0x0800e33a   0x0800e33a   0x00000002   PAD
    0x0800e33c   0x0800e33c   0x0000008c   Code   RO         4953    i.sync_fs           ff.o
    0x0800e3c8   0x0800e3c8   0x0000004a   Code   RO         4954    i.sync_window       ff.o
    0x0800e412   0x0800e412   0x00000066   Code   RO          595    i.sys_stm32_clock_init  sys.o
    0x0800e478   0x0800e478   0x0000004c   Code   RO         4955    i.tchar2uni         ff.o
    0x0800e4c4   0x0800e4c4   0x000000e0   Code   RO         5708    i.text_get_hz_mat   text.o
    0x0800e5a4   0x0800e5a4   0x000000e0   Code   RO         5709    i.text_show_font    text.o
    0x0800e684   0x0800e684   0x000000c6   Code   RO         5710    i.text_show_string  text.o
    0x0800e74a   0x0800e74a   0x00000002   PAD
    0x0800e74c   0x0800e74c   0x00000038   Code   RO          669    i.usart_init        usart.o
    0x0800e784   0x0800e784   0x000000b0   Code   RO         6104    i.usmart_cmd_rec    usmart.o
    0x0800e834   0x0800e834   0x000002d4   Code   RO         6105    i.usmart_exe        usmart.o
    0x0800eb08   0x0800eb08   0x000000d4   Code   RO         6246    i.usmart_get_aparm  usmart_str.o
    0x0800ebdc   0x0800ebdc   0x00000036   Code   RO         6247    i.usmart_get_cmdname  usmart_str.o
    0x0800ec12   0x0800ec12   0x00000002   PAD
    0x0800ec14   0x0800ec14   0x000001c0   Code   RO         6248    i.usmart_get_fname  usmart_str.o
    0x0800edd4   0x0800edd4   0x0000010c   Code   RO         6249    i.usmart_get_fparam  usmart_str.o
    0x0800eee0   0x0800eee0   0x00000028   Code   RO         6196    i.usmart_get_input_string  usmart_port.o
    0x0800ef08   0x0800ef08   0x00000020   Code   RO         6250    i.usmart_get_parmpos  usmart_str.o
    0x0800ef28   0x0800ef28   0x00000028   Code   RO         6106    i.usmart_init       usmart.o
    0x0800ef50   0x0800ef50   0x00000016   Code   RO         6251    i.usmart_pow        usmart_str.o
    0x0800ef66   0x0800ef66   0x00000002   PAD
    0x0800ef68   0x0800ef68   0x000000a8   Code   RO         6107    i.usmart_scan       usmart.o
    0x0800f010   0x0800f010   0x00000016   Code   RO         6252    i.usmart_search_nextc  usmart_str.o
    0x0800f026   0x0800f026   0x00000106   Code   RO         6253    i.usmart_str2num    usmart_str.o
    0x0800f12c   0x0800f12c   0x00000022   Code   RO         6254    i.usmart_strcmp     usmart_str.o
    0x0800f14e   0x0800f14e   0x00000016   Code   RO         6255    i.usmart_strcopy    usmart_str.o
    0x0800f164   0x0800f164   0x00000018   Code   RO         6256    i.usmart_strlen     usmart_str.o
    0x0800f17c   0x0800f17c   0x000006f4   Code   RO         6108    i.usmart_sys_cmd_exe  usmart.o
    0x0800f870   0x0800f870   0x00000044   Code   RO         6197    i.usmart_timx_get_time  usmart_port.o
    0x0800f8b4   0x0800f8b4   0x00000060   Code   RO         6198    i.usmart_timx_init  usmart_port.o
    0x0800f914   0x0800f914   0x00000034   Code   RO         6199    i.usmart_timx_reset_time  usmart_port.o
    0x0800f948   0x0800f948   0x0000003c   Code   RO         4956    i.validate          ff.o
    0x0800f984   0x0800f984   0x00000004   Code   RO         6109    i.write_addr        usmart.o
    0x0800f988   0x0800f988   0x0000003a   Code   RO         4957    i.xdir_sum          ff.o
    0x0800f9c2   0x0800f9c2   0x0000004c   Code   RO         4958    i.xname_sum         ff.o
    0x0800fa0e   0x0800fa0e   0x00000002   PAD
    0x0800fa10   0x0800fa10   0x0000005a   Code   RO         6423    x$fpl$dfixu         fz_ws.l(dfixu.o)
    0x0800fa6a   0x0800fa6a   0x00000026   Code   RO         6427    x$fpl$dfltu         fz_ws.l(dflt_clz.o)
    0x0800fa90   0x0800fa90   0x00000154   Code   RO         6433    x$fpl$dmul          fz_ws.l(dmul.o)
    0x0800fbe4   0x0800fbe4   0x0000009c   Code   RO         6480    x$fpl$dnaninf       fz_ws.l(dnaninf.o)
    0x0800fc80   0x0800fc80   0x0000000c   Code   RO         6482    x$fpl$dretinf       fz_ws.l(dretinf.o)
    0x0800fc8c   0x0800fc8c   0x000000c4   Code   RO         6435    x$fpl$fadd          fz_ws.l(faddsub_clz.o)
    0x0800fd50   0x0800fd50   0x00000018   Code   RO         6484    x$fpl$fcmpinf       fz_ws.l(fcmpi.o)
    0x0800fd68   0x0800fd68   0x00000184   Code   RO         6442    x$fpl$fdiv          fz_ws.l(fdiv.o)
    0x0800feec   0x0800feec   0x0000003e   Code   RO         6447    x$fpl$ffixu         fz_ws.l(ffixu.o)
    0x0800ff2a   0x0800ff2a   0x00000002   PAD
    0x0800ff2c   0x0800ff2c   0x00000026   Code   RO         6451    x$fpl$ffltu         fz_ws.l(fflt_clz.o)
    0x0800ff52   0x0800ff52   0x00000002   PAD
    0x0800ff54   0x0800ff54   0x00000068   Code   RO         6457    x$fpl$fleqf         fz_ws.l(fleqf.o)
    0x0800ffbc   0x0800ffbc   0x00000102   Code   RO         6459    x$fpl$fmul          fz_ws.l(fmul.o)
    0x080100be   0x080100be   0x0000008c   Code   RO         6486    x$fpl$fnaninf       fz_ws.l(fnaninf.o)
    0x0801014a   0x0801014a   0x0000000a   Code   RO         6488    x$fpl$fretinf       fz_ws.l(fretinf.o)
    0x08010154   0x08010154   0x00000062   Code   RO         6461    x$fpl$frleqf        fz_ws.l(frleqf.o)
    0x080101b6   0x080101b6   0x00000002   PAD
    0x080101b8   0x080101b8   0x000000ea   Code   RO         6437    x$fpl$fsub          fz_ws.l(faddsub_clz.o)
    0x080102a2   0x080102a2   0x00000000   Code   RO         6490    x$fpl$usenofp       fz_ws.l(usenofp.o)
    0x080102a2   0x080102a2   0x00000018   Data   RO          307    .constdata          system_stm32f1xx.o
    0x080102ba   0x080102ba   0x00002f80   Data   RO         4283    .constdata          lcd.o
    0x0801323a   0x0801323a   0x00000002   PAD
    0x0801323c   0x0801323c   0x00000018   Data   RO         4763    .constdata          malloc.o
    0x08013254   0x08013254   0x00000058   Data   RO         4960    .constdata          ff.o
    0x080132ac   0x080132ac   0x000000c4   Data   RO         5376    .constdata          exfuns.o
    0x08013370   0x08013370   0x000002ae   Data   RO         5619    .constdata          myffunicode.o
    0x0801361e   0x0801361e   0x00000028   Data   RO         5807    .constdata          gif.o
    0x08013646   0x08013646   0x000004c0   Data   RO         5994    .constdata          tjpgd.o
    0x08013b06   0x08013b06   0x00000028   Data   RO         6353    .constdata          c_w.l(_printf_hex_int.o)
    0x08013b2e   0x08013b2e   0x00000011   Data   RO         6388    .constdata          c_w.l(__printf_flags_ss_wp.o)
    0x08013b3f   0x08013b3f   0x00000001   PAD
    0x08013b40   0x08013b40   0x00000054   Data   RO         5377    .conststring        exfuns.o
    0x08013b94   0x08013b94   0x00000028   Data   RO         6110    .conststring        usmart.o
    0x08013bbc   0x08013bbc   0x00000171   Data   RO         6170    .conststring        usmart_config.o
    0x08013d2d   0x08013d2d   0x00000003   PAD
    0x08013d30   0x08013d30   0x00000020   Data   RO         6650    Region$$Table       anon$$obj.o


    Execution Region RW_IRAM1 (Exec base: 0x20000000, Load base: 0x08013d50, Size: 0x0000c6c8, Max: 0x00010000, ABSOLUTE, COMPRESSED[0x00000080])

    Exec Addr    Load Addr    Size         Type   Attr      Idx    E Section Name        Object

    0x20000000   COMPRESSED   0x00000004   Data   RW          308    .data               system_stm32f1xx.o
    0x20000004   COMPRESSED   0x00000004   Data   RW          549    .data               delay.o
    0x20000008   COMPRESSED   0x00000007   Data   RW          671    .data               usart.o
    0x2000000f   COMPRESSED   0x00000001   PAD
    0x20000010   COMPRESSED   0x00000009   Data   RW          764    .data               stm32f1xx_hal.o
    0x20000019   COMPRESSED   0x00000003   PAD
    0x2000001c   COMPRESSED   0x00000008   Data   RW         4284    .data               lcd.o
    0x20000024   COMPRESSED   0x00000001   Data   RW         4508    .data               key.o
    0x20000025   COMPRESSED   0x00000001   PAD
    0x20000026   COMPRESSED   0x00000002   Data   RW         4669    .data               norflash.o
    0x20000028   COMPRESSED   0x0000001c   Data   RW         4764    .data               malloc.o
    0x20000044   COMPRESSED   0x0000000a   Data   RW         4961    .data               ff.o
    0x2000004e   COMPRESSED   0x00000002   PAD
    0x20000050   COMPRESSED   0x00000008   Data   RW         5378    .data               exfuns.o
    0x20000058   COMPRESSED   0x00000001   Data   RW         5808    .data               gif.o
    0x20000059   COMPRESSED   0x00000003   PAD
    0x2000005c   COMPRESSED   0x0000000c   Data   RW         5995    .data               tjpgd.o
    0x20000068   COMPRESSED   0x0000001c   Data   RW         6111    .data               usmart.o
    0x20000084   COMPRESSED   0x00000124   Data   RW         6171    .data               usmart_config.o
    0x200001a8        -       0x00000108   Zero   RW          670    .bss                usart.o
    0x200002b0        -       0x00000056   Zero   RW         4282    .bss                lcd.o
    0x20000306   COMPRESSED   0x00000002   PAD
    0x20000308        -       0x000000a4   Zero   RW         4543    .bss                sdio_sdcard.o
    0x200003ac        -       0x00000058   Zero   RW         4611    .bss                spi.o
    0x20000404        -       0x00001000   Zero   RW         4668    .bss                norflash.o
    0x20001404   COMPRESSED   0x0000003c   PAD
    0x20001440        -       0x0000aa00   Zero   RW         4762    .bss                malloc.o
    0x2000be40        -       0x00000180   Zero   RW         5471    .bss                fattester.o
    0x2000bfc0        -       0x00000021   Zero   RW         5657    .bss                fonts.o
    0x2000bfe1   COMPRESSED   0x00000003   PAD
    0x2000bfe4        -       0x0000003c   Zero   RW         5906    .bss                piclib.o
    0x2000c020        -       0x00000048   Zero   RW         6200    .bss                usmart_port.o
    0x2000c068        -       0x00000060   Zero   RW         6531    .bss                c_w.l(libspace.o)
    0x2000c0c8        -       0x00000200   Zero   RW            2    HEAP                startup_stm32f103xe.o
    0x2000c2c8        -       0x00000400   Zero   RW            1    STACK               startup_stm32f103xe.o



  Load Region LR$$.ARM.__AT_0x68000000 (Base: 0x68000000, Size: 0x00000000, Max: 0x00000020, ABSOLUTE)

    Execution Region ER$$.ARM.__AT_0x68000000 (Exec base: 0x68000000, Load base: 0x68000000, Size: 0x00000020, Max: 0x00000020, ABSOLUTE, UNINIT)

    Exec Addr    Load Addr    Size         Type   Attr      Idx    E Section Name        Object

    0x68000000        -       0x00000020   Zero   RW         4760    .ARM.__AT_0x68000000  malloc.o



  Load Region LR$$.ARM.__AT_0x68000020 (Base: 0x68000020, Size: 0x00000000, Max: 0x00000004, ABSOLUTE)

    Execution Region ER$$.ARM.__AT_0x68000020 (Exec base: 0x68000020, Load base: 0x68000020, Size: 0x00000004, Max: 0x00000004, ABSOLUTE, UNINIT)

    Exec Addr    Load Addr    Size         Type   Attr      Idx    E Section Name        Object

    0x68000020        -       0x00000002   Zero   RW         4761    .ARM.__AT_0x68000020  malloc.o


==============================================================================

Image component sizes


      Code (inc. data)   RO Data    RW Data    ZI Data      Debug   Object Name

      1228         16          0          0          0       5293   bmp.o
       114         10          0          4          0       2695   delay.o
       482          4          0          0          0       5666   diskio.o
       286         10        280          8          0       3452   exfuns.o
        96         12          0          0        384       2048   fattester.o
     13348        110         88         10          0      81631   ff.o
        32          0          0          0          0       1769   ffsystem.o
        64          4          0          0         33       2426   fonts.o
      3734         24         40          1          0      15864   gif.o
       344         24          0          1          0       1854   key.o
     13892        188      12160          8         86      28993   lcd.o
       144         12          0          0          0       1039   led.o
      1398        274          0          0          0     533874   main.o
       484         54         24         28      43554       6883   malloc.o
       444         32        686          0          0       3132   myffunicode.o
      1050         54          0          2       4096       9104   norflash.o
       680         56          0          0         60       6880   piclib.o
       564         42          0          0        164       5243   sdio_sdcard.o
       404         34          0          0         88       3227   spi.o
        64         26        304          0       1536        976   startup_stm32f103xe.o
       154         32          0          9          0       6931   stm32f1xx_hal.o
       304         22          0          0          0      29951   stm32f1xx_hal_cortex.o
       424         10          0          0          0       1375   stm32f1xx_hal_dma.o
       880         40          0          0          0       4312   stm32f1xx_hal_gpio.o
      1784        110          0          0          0       6592   stm32f1xx_hal_rcc.o
      2494         26          0          0          0       9803   stm32f1xx_hal_sd.o
      1224          6          0          0          0       5627   stm32f1xx_hal_spi.o
       102          0          0          0          0       1344   stm32f1xx_hal_sram.o
       404         44          0          0          0       3464   stm32f1xx_hal_tim.o
      1162         10          0          0          0       8567   stm32f1xx_hal_uart.o
        32          0          0          0          0       4490   stm32f1xx_it.o
       254         10          0          0          0       4111   stm32f1xx_ll_fsmc.o
      1998         46          0          0          0      24080   stm32f1xx_ll_sdmmc.o
       102          0          0          0          0        779   sys.o
         2          0         24          4          0       1543   system_stm32f1xx.o
       646         10          0          0          0       3876   text.o
      5258        122       1216         12          0      20283   tjpgd.o
       440         56          0          7        264       6005   usart.o
      2898       1308         40         28          0       6370   usmart.o
         0          0        369        292          0       1832   usmart_config.o
       324         50          0          0         72       3806   usmart_port.o
      1400         20          0          0          0       9833   usmart_str.o

    ----------------------------------------------------------------------
     61194       2908      15268        424      50404     887023   Object Totals
         0          0         32          0          0          0   (incl. Generated)
        56          0          5         10         67          0   (incl. Padding)

    ----------------------------------------------------------------------

      Code (inc. data)   RO Data    RW Data    ZI Data      Debug   Library Member Name

        90          0          0          0          0          0   __dczerorl2.o
         8          0          0          0          0         68   __main.o
       392          4         17          0          0         92   __printf_flags_ss_wp.o
        14          0          0          0          0         68   __printf_wp.o
         0          0          0          0          0          0   __rtentry.o
        12          0          0          0          0          0   __rtentry2.o
         6          0          0          0          0          0   __rtentry4.o
        52          8          0          0          0          0   __scatter.o
        28          0          0          0          0          0   __scatter_zi.o
         6          0          0          0          0          0   _printf_c.o
        44          0          0          0          0        108   _printf_char.o
        48          6          0          0          0         96   _printf_char_common.o
        36          4          0          0          0         80   _printf_char_file.o
         6          0          0          0          0          0   _printf_d.o
       120         16          0          0          0         92   _printf_dec.o
        88          4         40          0          0         88   _printf_hex_int.o
       178          0          0          0          0         88   _printf_intcommon.o
        78          0          0          0          0        108   _printf_pad.o
         0          0          0          0          0          0   _printf_percent.o
         4          0          0          0          0          0   _printf_percent_end.o
         6          0          0          0          0          0   _printf_s.o
        82          0          0          0          0         80   _printf_str.o
         6          0          0          0          0          0   _printf_u.o
         6          0          0          0          0          0   _printf_x.o
        16          0          0          0          0         68   aeabi_memset.o
        18          0          0          0          0         80   exit.o
         8          0          0          0          0         68   ferror.o
         6          0          0          0          0        152   heapauxi.o
         2          0          0          0          0          0   libinit.o
         2          0          0          0          0          0   libinit2.o
         2          0          0          0          0          0   libshutdown.o
         2          0          0          0          0          0   libshutdown2.o
         8          4          0          0         96         68   libspace.o
        72          0          0          0          0         76   llsdiv.o
       238          0          0          0          0        100   lludivv7m.o
        88          0          0          0          0         76   memcmp.o
        24          4          0          0          0         84   noretval__2printf.o
        68          0          0          0          0         68   rt_memclr.o
        78          0          0          0          0         80   rt_memclr_w.o
       138          0          0          0          0         68   rt_memcpy_v6.o
       100          0          0          0          0         80   rt_memcpy_w.o
         2          0          0          0          0          0   rtexit.o
        10          0          0          0          0          0   rtexit2.o
        24          0          0          0          0         68   strcat.o
        20          0          0          0          0         68   strchr.o
       128          0          0          0          0         68   strcmpv7m.o
        72          0          0          0          0         80   strcpy.o
        74          0          0          0          0         80   sys_stackheap_outer.o
         2          0          0          0          0         68   use_no_semi.o
         2          0          0          0          0         68   use_no_semi_2.o
        90          4          0          0          0         92   dfixu.o
        38          0          0          0          0         68   dflt_clz.o
       340         12          0          0          0        104   dmul.o
       156          4          0          0          0         92   dnaninf.o
        12          0          0          0          0         68   dretinf.o
       430          8          0          0          0        168   faddsub_clz.o
        24          0          0          0          0         68   fcmpi.o
       388         76          0          0          0         96   fdiv.o
        62          4          0          0          0         84   ffixu.o
        38          0          0          0          0         68   fflt_clz.o
       104          4          0          0          0         84   fleqf.o
       258          4          0          0          0         84   fmul.o
       140          4          0          0          0         84   fnaninf.o
        10          0          0          0          0         68   fretinf.o
        98          0          0          0          0         68   frleqf.o
         0          0          0          0          0          0   usenofp.o

    ----------------------------------------------------------------------
      4712        170         58          0         96       3832   Library Totals
        10          0          1          0          0          0   (incl. Padding)

    ----------------------------------------------------------------------

      Code (inc. data)   RO Data    RW Data    ZI Data      Debug   Library Name

      2514         50         57          0         96       2536   c_w.l
      2188        120          0          0          0       1296   fz_ws.l

    ----------------------------------------------------------------------
      4712        170         58          0         96       3832   Library Totals

    ----------------------------------------------------------------------

==============================================================================


      Code (inc. data)   RO Data    RW Data    ZI Data      Debug   

     65906       3078      15326        424      50500     872703   Grand Totals
     65906       3078      15326        128      50500     872703   ELF Image Totals (compressed)
     65906       3078      15326        128          0          0   ROM Totals

==============================================================================

    Total RO  Size (Code + RO Data)                81232 (  79.33kB)
    Total RW  Size (RW Data + ZI Data)             50924 (  49.73kB)
    Total ROM Size (Code + RO Data + RW Data)      81360 (  79.45kB)

==============================================================================

